Archive member included because of file (symbol)

c:/program files (x86)/atmel/atmel toolchain/avr8 gcc/native/3.4.1061/avr8-gnu-toolchain/bin/../lib/gcc/avr/4.8.1/../../../../avr/lib/avrxmega6\libm.a(addsf3.o)
                              src/range_algs.o (__subsf3)
c:/program files (x86)/atmel/atmel toolchain/avr8 gcc/native/3.4.1061/avr8-gnu-toolchain/bin/../lib/gcc/avr/4.8.1/../../../../avr/lib/avrxmega6\libm.a(addsf3x.o)
                              c:/program files (x86)/atmel/atmel toolchain/avr8 gcc/native/3.4.1061/avr8-gnu-toolchain/bin/../lib/gcc/avr/4.8.1/../../../../avr/lib/avrxmega6\libm.a(addsf3.o) (__addsf3x)
c:/program files (x86)/atmel/atmel toolchain/avr8 gcc/native/3.4.1061/avr8-gnu-toolchain/bin/../lib/gcc/avr/4.8.1/../../../../avr/lib/avrxmega6\libm.a(atan2.o)
                              src/range_algs.o (atan2)
c:/program files (x86)/atmel/atmel toolchain/avr8 gcc/native/3.4.1061/avr8-gnu-toolchain/bin/../lib/gcc/avr/4.8.1/../../../../avr/lib/avrxmega6\libm.a(atan.o)
                              c:/program files (x86)/atmel/atmel toolchain/avr8 gcc/native/3.4.1061/avr8-gnu-toolchain/bin/../lib/gcc/avr/4.8.1/../../../../avr/lib/avrxmega6\libm.a(atan2.o) (atan)
c:/program files (x86)/atmel/atmel toolchain/avr8 gcc/native/3.4.1061/avr8-gnu-toolchain/bin/../lib/gcc/avr/4.8.1/../../../../avr/lib/avrxmega6\libm.a(cmpsf2.o)
                              src/range_algs.o (__eqsf2)
c:/program files (x86)/atmel/atmel toolchain/avr8 gcc/native/3.4.1061/avr8-gnu-toolchain/bin/../lib/gcc/avr/4.8.1/../../../../avr/lib/avrxmega6\libm.a(cos.o)
                              src/range_algs.o (cos)
c:/program files (x86)/atmel/atmel toolchain/avr8 gcc/native/3.4.1061/avr8-gnu-toolchain/bin/../lib/gcc/avr/4.8.1/../../../../avr/lib/avrxmega6\libm.a(divsf3.o)
                              src/motor.o (__divsf3)
c:/program files (x86)/atmel/atmel toolchain/avr8 gcc/native/3.4.1061/avr8-gnu-toolchain/bin/../lib/gcc/avr/4.8.1/../../../../avr/lib/avrxmega6\libm.a(divsf3x.o)
                              c:/program files (x86)/atmel/atmel toolchain/avr8 gcc/native/3.4.1061/avr8-gnu-toolchain/bin/../lib/gcc/avr/4.8.1/../../../../avr/lib/avrxmega6\libm.a(divsf3.o) (__divsf3x)
c:/program files (x86)/atmel/atmel toolchain/avr8 gcc/native/3.4.1061/avr8-gnu-toolchain/bin/../lib/gcc/avr/4.8.1/../../../../avr/lib/avrxmega6\libm.a(fixsfsi.o)
                              src/rgb_led.o (__fixsfsi)
c:/program files (x86)/atmel/atmel toolchain/avr8 gcc/native/3.4.1061/avr8-gnu-toolchain/bin/../lib/gcc/avr/4.8.1/../../../../avr/lib/avrxmega6\libm.a(fixunssfsi.o)
                              src/motor.o (__fixunssfsi)
c:/program files (x86)/atmel/atmel toolchain/avr8 gcc/native/3.4.1061/avr8-gnu-toolchain/bin/../lib/gcc/avr/4.8.1/../../../../avr/lib/avrxmega6\libm.a(floatsisf.o)
                              src/motor.o (__floatunsisf)
c:/program files (x86)/atmel/atmel toolchain/avr8 gcc/native/3.4.1061/avr8-gnu-toolchain/bin/../lib/gcc/avr/4.8.1/../../../../avr/lib/avrxmega6\libm.a(fmod.o)
                              src/range_algs.o (fmod)
c:/program files (x86)/atmel/atmel toolchain/avr8 gcc/native/3.4.1061/avr8-gnu-toolchain/bin/../lib/gcc/avr/4.8.1/../../../../avr/lib/avrxmega6\libm.a(fp_cmp.o)
                              c:/program files (x86)/atmel/atmel toolchain/avr8 gcc/native/3.4.1061/avr8-gnu-toolchain/bin/../lib/gcc/avr/4.8.1/../../../../avr/lib/avrxmega6\libm.a(cmpsf2.o) (__fp_cmp)
c:/program files (x86)/atmel/atmel toolchain/avr8 gcc/native/3.4.1061/avr8-gnu-toolchain/bin/../lib/gcc/avr/4.8.1/../../../../avr/lib/avrxmega6\libm.a(fp_inf.o)
                              c:/program files (x86)/atmel/atmel toolchain/avr8 gcc/native/3.4.1061/avr8-gnu-toolchain/bin/../lib/gcc/avr/4.8.1/../../../../avr/lib/avrxmega6\libm.a(addsf3x.o) (__fp_inf)
c:/program files (x86)/atmel/atmel toolchain/avr8 gcc/native/3.4.1061/avr8-gnu-toolchain/bin/../lib/gcc/avr/4.8.1/../../../../avr/lib/avrxmega6\libm.a(fp_mpack.o)
                              c:/program files (x86)/atmel/atmel toolchain/avr8 gcc/native/3.4.1061/avr8-gnu-toolchain/bin/../lib/gcc/avr/4.8.1/../../../../avr/lib/avrxmega6\libm.a(fmod.o) (__fp_mpack)
c:/program files (x86)/atmel/atmel toolchain/avr8 gcc/native/3.4.1061/avr8-gnu-toolchain/bin/../lib/gcc/avr/4.8.1/../../../../avr/lib/avrxmega6\libm.a(fp_nan.o)
                              c:/program files (x86)/atmel/atmel toolchain/avr8 gcc/native/3.4.1061/avr8-gnu-toolchain/bin/../lib/gcc/avr/4.8.1/../../../../avr/lib/avrxmega6\libm.a(addsf3x.o) (__fp_nan)
c:/program files (x86)/atmel/atmel toolchain/avr8 gcc/native/3.4.1061/avr8-gnu-toolchain/bin/../lib/gcc/avr/4.8.1/../../../../avr/lib/avrxmega6\libm.a(fp_powser.o)
                              c:/program files (x86)/atmel/atmel toolchain/avr8 gcc/native/3.4.1061/avr8-gnu-toolchain/bin/../lib/gcc/avr/4.8.1/../../../../avr/lib/avrxmega6\libm.a(atan.o) (__fp_powser)
[...]
Memory Configuration

Name             Origin             Length             Attributes
text             0x00000000         0x00100000         xr
data             0x00802000         0x0000ffa0         rw !x
eeprom           0x00810000         0x00010000         rw !x
fuse             0x00820000         0x00000400         rw !x
lock             0x00830000         0x00000400         rw !x
signature        0x00840000         0x00000400         rw !x
user_signatures  0x00850000         0x00000400         rw !x
*default*        0x00000000         0xffffffff

Linker script and memory map

LOAD c:/program files (x86)/atmel/atmel toolchain/avr8 gcc/native/3.4.1061/avr8-gnu-toolchain/bin/../lib/gcc/avr/4.8.1/../../../../avr/lib/avrxmega6/crtx128a3u.o
LOAD src/boot.o
LOAD src/droplet_init.o
LOAD src/ecc.o
LOAD src/eeprom_driver.o
LOAD src/flash_api.o
LOAD src/flash_api_asm.o
LOAD src/i2c.o
LOAD src/ir_comm.o
LOAD src/ir_sensor.o
LOAD src/motor.o
LOAD src/pc_comm.o
LOAD src/power.o
LOAD src/random.o
LOAD src/range_algs.o
LOAD src/rgb_led.o
LOAD src/rgb_sensor.o
LOAD src/scheduler.o
LOAD src/scheduler_asm.o
LOAD src/serial_handler.o
LOAD src/sp_driver.o
LOAD main.o
START GROUP
LOAD c:/program files (x86)/atmel/atmel toolchain/avr8 gcc/native/3.4.1061/avr8-gnu-toolchain/bin/../lib/gcc/avr/4.8.1/../../../../avr/lib/avrxmega6\libm.a
END GROUP
Address of section .BOOT set to 0x20000
LOAD c:/program files (x86)/atmel/atmel toolchain/avr8 gcc/native/3.4.1061/avr8-gnu-toolchain/bin/../lib/gcc/avr/4.8.1/../../../../avr/lib/avrxmega6\libprintf_flt.a
START GROUP
LOAD c:/program files (x86)/atmel/atmel toolchain/avr8 gcc/native/3.4.1061/avr8-gnu-toolchain/bin/../lib/gcc/avr/4.8.1/avrxmega6\libgcc.a
LOAD c:/program files (x86)/atmel/atmel toolchain/avr8 gcc/native/3.4.1061/avr8-gnu-toolchain/bin/../lib/gcc/avr/4.8.1/../../../../avr/lib/avrxmega6\libm.a
LOAD c:/program files (x86)/atmel/atmel toolchain/avr8 gcc/native/3.4.1061/avr8-gnu-toolchain/bin/../lib/gcc/avr/4.8.1/../../../../avr/lib/avrxmega6\libc.a
END GROUP

.hash
 *(.hash)

.dynsym
 *(.dynsym)

.dynstr
 *(.dynstr)

.gnu.version
 *(.gnu.version)

.gnu.version_d
 *(.gnu.version_d)

.gnu.version_r
 *(.gnu.version_r)

.rel.init
 *(.rel.init)

.rela.init
 *(.rela.init)

.rel.text
 *(.rel.text)
 *(.rel.text.*)
 *(.rel.gnu.linkonce.t*)

.rela.text
 *(.rela.text)
 *(.rela.text.*)
 *(.rela.gnu.linkonce.t*)

.rel.fini
 *(.rel.fini)

.rela.fini
 *(.rela.fini)

.rel.rodata
 *(.rel.rodata)
 *(.rel.rodata.*)
 *(.rel.gnu.linkonce.r*)

.rela.rodata
 *(.rela.rodata)
 *(.rela.rodata.*)
 *(.rela.gnu.linkonce.r*)

.rel.data
 *(.rel.data)
 *(.rel.data.*)
 *(.rel.gnu.linkonce.d*)

.rela.data
 *(.rela.data)
 *(.rela.data.*)
 *(.rela.gnu.linkonce.d*)

.rel.ctors
 *(.rel.ctors)

.rela.ctors
 *(.rela.ctors)

.rel.dtors
 *(.rel.dtors)

.rela.dtors
 *(.rela.dtors)

.rel.got
 *(.rel.got)

.rela.got
 *(.rela.got)

.rel.bss
 *(.rel.bss)

.rela.bss
 *(.rela.bss)

.rel.plt
 *(.rel.plt)

.rela.plt
 *(.rela.plt)

.text           0x00000000     0x737a
 *(.vectors)
 .vectors       0x00000000      0x1fc c:/program files (x86)/atmel/atmel toolchain/avr8 gcc/native/3.4.1061/avr8-gnu-toolchain/bin/../lib/gcc/avr/4.8.1/../../../../avr/lib/avrxmega6/crtx128a3u.o
                0x00000000                __vector_default
                0x00000000                __vectors
 *(.vectors)
 *(.progmem.gcc*)
 .progmem.gcc_sw_table.__vector_46
                0x000001fc        0xe src/i2c.o
 .progmem.gcc_sw_table.ir_receive
                0x0000020a        0xe src/ir_comm.o
 .progmem.gcc_sw_table.ir_transmit
                0x00000218        0xe src/ir_comm.o
 .progmem.gcc_fplib
                0x00000226       0x2d c:/program files (x86)/atmel/atmel toolchain/avr8 gcc/native/3.4.1061/avr8-gnu-toolchain/bin/../lib/gcc/avr/4.8.1/../../../../avr/lib/avrxmega6\libm.a(atan.o)
 .progmem.gcc_fplib
                0x00000253       0x1e c:/program files (x86)/atmel/atmel toolchain/avr8 gcc/native/3.4.1061/avr8-gnu-toolchain/bin/../lib/gcc/avr/4.8.1/../../../../avr/lib/avrxmega6\libm.a(fp_sinus.o)
                0x00000272                . = ALIGN (0x2)
 *fill*         0x00000271        0x1 
                0x00000272                __trampolines_start = .
 *(.trampolines)
 .trampolines   0x00000272        0x0 linker stubs
 *(.trampolines*)
                0x00000272                __trampolines_end = .
 *(.progmem*)
 .progmem.data  0x00000272        0x8 c:/program files (x86)/atmel/atmel toolchain/avr8 gcc/native/3.4.1061/avr8-gnu-toolchain/bin/../lib/gcc/avr/4.8.1/../../../../avr/lib/avrxmega6\libprintf_flt.a(vfprintf_flt.o)
 .progmem.data  0x0000027a       0xfa c:/program files (x86)/atmel/atmel toolchain/avr8 gcc/native/3.4.1061/avr8-gnu-toolchain/bin/../lib/gcc/avr/4.8.1/../../../../avr/lib/avrxmega6\libc.a(ftoa_engine.o)
                0x00000374                . = ALIGN (0x2)
 *(.jumptables)
 *(.jumptables*)
 *(.lowtext)
 *(.lowtext*)
                0x00000374                __ctors_start = .
 *(.ctors)
                0x00000374                __ctors_end = .
                0x00000374                __dtors_start = .
 *(.dtors)
                0x00000374                __dtors_end = .
 SORT(*)(.ctors)
 SORT(*)(.dtors)
 *(.init0)
 .init0         0x00000374        0x0 c:/program files (x86)/atmel/atmel toolchain/avr8 gcc/native/3.4.1061/avr8-gnu-toolchain/bin/../lib/gcc/avr/4.8.1/../../../../avr/lib/avrxmega6/crtx128a3u.o
                0x00000374                __init
 *(.init0)
 *(.init1)
 *(.init1)
 *(.init2)
 .init2         0x00000374       0x10 c:/program files (x86)/atmel/atmel toolchain/avr8 gcc/native/3.4.1061/avr8-gnu-toolchain/bin/../lib/gcc/avr/4.8.1/../../../../avr/lib/avrxmega6/crtx128a3u.o
 *(.init2)
 *(.init3)
 *(.init3)
 *(.init4)
 .init4         0x00000384       0x1a c:/program files (x86)/atmel/atmel toolchain/avr8 gcc/native/3.4.1061/avr8-gnu-toolchain/bin/../lib/gcc/avr/4.8.1/avrxmega6\libgcc.a(_copy_data.o)
                0x00000384                __do_copy_data
 .init4         0x0000039e       0x10 c:/program files (x86)/atmel/atmel toolchain/avr8 gcc/native/3.4.1061/avr8-gnu-toolchain/bin/../lib/gcc/avr/4.8.1/avrxmega6\libgcc.a(_clear_bss.o)
                0x0000039e                __do_clear_bss
 *(.init4)
 *(.init5)
 *(.init5)
 *(.init6)
 *(.init6)
 *(.init7)
 *(.init7)
 *(.init8)
 *(.init8)
 *(.init9)
 .init9         0x000003ae        0x6 c:/program files (x86)/atmel/atmel toolchain/avr8 gcc/native/3.4.1061/avr8-gnu-toolchain/bin/../lib/gcc/avr/4.8.1/../../../../avr/lib/avrxmega6/crtx128a3u.o
 *(.init9)
 *(.text)
 .text          0x000003b4        0x2 c:/program files (x86)/atmel/atmel toolchain/avr8 gcc/native/3.4.1061/avr8-gnu-toolchain/bin/../lib/gcc/avr/4.8.1/../../../../avr/lib/avrxmega6/crtx128a3u.o
                0x000003b4                __vector_38
                0x000003b4                __vector_104
                0x000003b4                __vector_22
                0x000003b4                __vector_67
                0x000003b4                __vector_1
                0x000003b4                __vector_32
                0x000003b4                __vector_75
                0x000003b4                __vector_71
                0x000003b4                __vector_34
                0x000003b4                __vector_77
                0x000003b4                __vector_102
                0x000003b4                __vector_24
                0x000003b4                __vector_12
                0x000003b4                __vector_55
                0x000003b4                __vector_69
                0x000003b4                __vector_81
                0x000003b4                __bad_interrupt
                0x000003b4                __vector_122
                0x000003b4                __vector_72
                0x000003b4                __vector_114
                0x000003b4                __vector_6
                0x000003b4                __vector_110
                0x000003b4                __vector_31
                0x000003b4                __vector_92
                0x000003b4                __vector_35
                0x000003b4                __vector_78
                0x000003b4                __vector_74
                0x000003b4                __vector_117
                0x000003b4                __vector_39
                0x000003b4                __vector_107
                0x000003b4                __vector_3
                0x000003b4                __vector_105
                0x000003b4                __vector_98
                0x000003b4                __vector_23
                0x000003b4                __vector_68
                0x000003b4                __vector_73
                0x000003b4                __vector_45
                0x000003b4                __vector_93
                0x000003b4                __vector_54
                0x000003b4                __vector_99
                0x000003b4                __vector_13
                0x000003b4                __vector_17
                0x000003b4                __vector_19
                0x000003b4                __vector_56
                0x000003b4                __vector_7
                0x000003b4                __vector_125
                0x000003b4                __vector_49
                0x000003b4                __vector_123
                0x000003b4                __vector_41
                0x000003b4                __vector_86
                0x000003b4                __vector_100
                0x000003b4                __vector_101
                0x000003b4                __vector_64
                0x000003b4                __vector_109
                0x000003b4                __vector_43
                0x000003b4                __vector_5
                0x000003b4                __vector_113
                0x000003b4                __vector_33
                0x000003b4                __vector_76
                0x000003b4                __vector_115
                0x000003b4                __vector_47
                0x000003b4                __vector_52
                0x000003b4                __vector_37
                0x000003b4                __vector_95
                0x000003b4                __vector_103
                0x000003b4                __vector_96
                0x000003b4                __vector_108
                0x000003b4                __vector_4
                0x000003b4                __vector_44
                0x000003b4                __vector_82
                0x000003b4                __vector_106
                0x000003b4                __vector_118
                0x000003b4                __vector_51
                0x000003b4                __vector_9
                0x000003b4                __vector_2
                0x000003b4                __vector_21
                0x000003b4                __vector_15
                0x000003b4                __vector_66
                0x000003b4                __vector_36
                0x000003b4                __vector_79
                0x000003b4                __vector_70
                0x000003b4                __vector_83
                0x000003b4                __vector_40
                0x000003b4                __vector_85
                0x000003b4                __vector_94
                0x000003b4                __vector_126
                0x000003b4                __vector_8
                0x000003b4                __vector_48
                0x000003b4                __vector_124
                0x000003b4                __vector_116
                0x000003b4                __vector_112
                0x000003b4                __vector_111
                0x000003b4                __vector_80
                0x000003b4                __vector_14
                0x000003b4                __vector_84
                0x000003b4                __vector_57
                0x000003b4                __vector_53
                0x000003b4                __vector_50
                0x000003b4                __vector_16
                0x000003b4                __vector_18
                0x000003b4                __vector_97
                0x000003b4                __vector_20
                0x000003b4                __vector_42
                0x000003b4                __vector_87
                0x000003b4                __vector_65
 .text          0x000003b6       0xc4 src/scheduler_asm.o
                0x000003b6                __vector_11
                0x000003b6                rtc_compare_isr
                0x00000412                restore_registers
                0x00000462                get_time
                0x0000047a                . = ALIGN (0x2)
 *(.text.*)
 .text.check_messages
                0x0000047a       0xe8 src/droplet_init.o
                0x0000047a                check_messages
 .text.calculate_id_number
                0x00000562       0x9c src/droplet_init.o
                0x00000562                calculate_id_number
 .text.enable_interrupts
                0x000005fe       0x1a src/droplet_init.o
                0x000005fe                enable_interrupts
 .text.startup_light_sequence
                0x00000618       0xb0 src/droplet_init.o
                0x00000618                startup_light_sequence
 .text.init_all_systems
                0x000006c8       0x34 src/droplet_init.o
                0x000006c8                init_all_systems
 .text.main     0x000006fc        0xe src/droplet_init.o
                0x000006fc                main
 .text.droplet_reboot
                0x0000070a        0xe src/droplet_init.o
                0x0000070a                droplet_reboot
 .text.wait_for_nvm
                0x00000718        0xc src/eeprom_driver.o
                0x00000718                wait_for_nvm
 .text.flush_buffer
                0x00000724       0x22 src/eeprom_driver.o
                0x00000724                flush_buffer
 .text.EEPROM_read_byte
                0x00000746       0x36 src/eeprom_driver.o
                0x00000746                EEPROM_read_byte
 .text.EEPROM_write_byte
                0x0000077c       0x3c src/eeprom_driver.o
                0x0000077c                EEPROM_write_byte
 .text.i2c_init
                0x000007b8       0x28 src/i2c.o
                0x000007b8                i2c_init
 .text.__vector_46
                0x000007e0       0xb6 src/i2c.o
                0x000007e0                __vector_46
 .text.set_all_ir_powers
                0x00000896       0x2e src/i2c.o
                0x00000896                set_all_ir_powers
 .text.perform_ir_upkeep
                0x000008c4      0x37a src/ir_comm.o
                0x000008c4                perform_ir_upkeep
 .text.handle_cmd_wrapper
                0x00000c3e       0x72 src/ir_comm.o
                0x00000c3e                handle_cmd_wrapper
 .text.ir_comm_init
                0x00000cb0      0x154 src/ir_comm.o
                0x00000cb0                ir_comm_init
 .text.send_msg
                0x00000e04      0x1f2 src/ir_comm.o
                0x00000e04                send_msg
 .text.ir_receive
                0x00000ff6      0x38c src/ir_comm.o
                0x00000ff6                ir_receive
 .text.ir_transmit
                0x00001382      0x1bc src/ir_comm.o
                0x00001382                ir_transmit
 .text.ir_transmit_complete
                0x0000153e       0x6c src/ir_comm.o
                0x0000153e                ir_transmit_complete
 .text.wait_for_ir
                0x000015aa       0x3e src/ir_comm.o
                0x000015aa                wait_for_ir
 .text.ir_targeted_cmd
                0x000015e8      0x15c src/ir_comm.o
                0x000015e8                ir_targeted_cmd
 .text.ir_cmd   0x00001744      0x152 src/ir_comm.o
                0x00001744                ir_cmd
 .text.ir_targeted_send
                0x00001896      0x156 src/ir_comm.o
                0x00001896                ir_targeted_send
 .text.ir_send  0x000019ec      0x14c src/ir_comm.o
                0x000019ec                ir_send
 .text.__vector_25
                0x00001b38       0x50 src/ir_comm.o
                0x00001b38                __vector_25
 .text.__vector_27
                0x00001b88       0x50 src/ir_comm.o
                0x00001b88                __vector_27
 .text.__vector_26
                0x00001bd8       0x50 src/ir_comm.o
                0x00001bd8                __vector_26
 .text.__vector_28
                0x00001c28       0x50 src/ir_comm.o
                0x00001c28                __vector_28
 .text.__vector_30
                0x00001c78       0x50 src/ir_comm.o
                0x00001c78                __vector_30
 .text.__vector_29
                0x00001cc8       0x50 src/ir_comm.o
                0x00001cc8                __vector_29
 .text.__vector_88
                0x00001d18       0x50 src/ir_comm.o
                0x00001d18                __vector_88
 .text.__vector_90
                0x00001d68       0x50 src/ir_comm.o
                0x00001d68                __vector_90
 .text.__vector_89
                0x00001db8       0x50 src/ir_comm.o
                0x00001db8                __vector_89
 .text.__vector_58
                0x00001e08       0x50 src/ir_comm.o
                0x00001e08                __vector_58
 .text.__vector_60
                0x00001e58       0x50 src/ir_comm.o
                0x00001e58                __vector_60
 .text.__vector_59
                0x00001ea8       0x50 src/ir_comm.o
                0x00001ea8                __vector_59
 .text.__vector_61
                0x00001ef8       0x50 src/ir_comm.o
                0x00001ef8                __vector_61
 .text.__vector_63
                0x00001f48       0x50 src/ir_comm.o
                0x00001f48                __vector_63
 .text.__vector_62
                0x00001f98       0x50 src/ir_comm.o
                0x00001f98                __vector_62
 .text.__vector_119
                0x00001fe8       0x52 src/ir_comm.o
                0x00001fe8                __vector_119
 .text.__vector_121
                0x0000203a       0x50 src/ir_comm.o
                0x0000203a                __vector_121
 .text.__vector_120
                0x0000208a       0x50 src/ir_comm.o
                0x0000208a                __vector_120
 .text.find_median
                0x000020da       0xa0 src/ir_sensor.o
                0x000020da                find_median
 .text.get_ir_sensor
                0x0000217a       0xa2 src/ir_sensor.o
                0x0000217a                get_ir_sensor
 .text.ir_sensor_init
                0x0000221c       0xc2 src/ir_sensor.o
                0x0000221c                ir_sensor_init
 .text.check_collisions
                0x000022de      0x1b6 src/ir_sensor.o
                0x000022de                check_collisions
 .text.stop     0x00002494       0x4a src/motor.o
                0x00002494                stop
 .text.is_moving
                0x000024de       0x14 src/motor.o
                0x000024de                is_moving
 .text.move_steps
                0x000024f2      0x376 src/motor.o
                0x000024f2                move_steps
 .text.walk     0x00002868       0x9a src/motor.o
                0x00002868                walk
 .text.set_mm_per_kilostep
                0x00002902       0x12 src/motor.o
                0x00002902                set_mm_per_kilostep
 .text.read_motor_settings
                0x00002914       0x8c src/motor.o
                0x00002914                read_motor_settings
 .text.motor_init
                0x000029a0       0x4a src/motor.o
                0x000029a0                motor_init
 .text.write_motor_settings
                0x000029ea       0x7a src/motor.o
                0x000029ea                write_motor_settings
 .text.print_motor_values
                0x00002a64       0xb4 src/motor.o
                0x00002a64                print_motor_values
 .text.print_dist_per_step
                0x00002b18       0x64 src/motor.o
                0x00002b18                print_dist_per_step
 .text.pc_comm_putchar
                0x00002b7c       0x14 src/pc_comm.o
                0x00002b7c                pc_comm_putchar
 .text.pc_comm_init
                0x00002b90       0x42 src/pc_comm.o
                0x00002b90                pc_comm_init
 .text.handle_up_arrow
                0x00002bd2       0x50 src/pc_comm.o
                0x00002bd2                handle_up_arrow
 .text.handle_serial_input
                0x00002c22       0xf0 src/pc_comm.o
                0x00002c22                handle_serial_input
 .text.__vector_91
                0x00002d12       0x4e src/pc_comm.o
                0x00002d12                __vector_91
 .text.cap_monitor_init
                0x00002d60       0x20 src/power.o
                0x00002d60                cap_monitor_init
 .text.leg_monitor_init
                0x00002d80       0x2a src/power.o
                0x00002d80                leg_monitor_init
 .text.power_init
                0x00002daa        0x6 src/power.o
                0x00002daa                power_init
 .text.random_init
                0x00002db0       0x7c src/random.o
                0x00002db0                random_init
 .text.rand_byte
                0x00002e2c       0x4a src/random.o
                0x00002e2c                rand_byte
 .text.range_algs_init
                0x00002e76       0x3a src/range_algs.o
                0x00002e76                range_algs_init
 .text.get_bearing
                0x00002eb0       0xc6 src/range_algs.o
                0x00002eb0                get_bearing
 .text.fill_S_and_T
                0x00002f76       0x7a src/range_algs.o
                0x00002f76                fill_S_and_T
 .text.pack_measurements_into_matrix
                0x00002ff0       0x82 src/range_algs.o
                0x00002ff0                pack_measurements_into_matrix
 .text.get_baseline_readings
                0x00003072       0x50 src/range_algs.o
                0x00003072                get_baseline_readings
 .text.ir_range_meas
                0x000030c2      0x110 src/range_algs.o
                0x000030c2                ir_range_meas
 .text.receive_rnb_data
                0x000031d2       0x2e src/range_algs.o
                0x000031d2                receive_rnb_data
 .text.ir_emit  0x00003200      0x314 src/range_algs.o
                0x00003200                ir_emit
 .text.ir_range_blast
                0x00003514       0x7e src/range_algs.o
                0x00003514                ir_range_blast
 .text.broadcast_rnb_data
                0x00003592       0x22 src/range_algs.o
                0x00003592                broadcast_rnb_data
 .text.pretty_angle
                0x000035b4       0x76 src/range_algs.o
                0x000035b4                pretty_angle
 .text.get_heading
                0x0000362a      0x12c src/range_algs.o
                0x0000362a                get_heading
 .text.sensor_model
                0x00003756       0x52 src/range_algs.o
                0x00003756                sensor_model
 .text.emitter_model
                0x000037a8       0x52 src/range_algs.o
                0x000037a8                emitter_model
 .text.inverse_amplitude_model
                0x000037fa       0x50 src/range_algs.o
                0x000037fa                inverse_amplitude_model
 .text.get_initial_range_guess
                0x0000384a      0x1de src/range_algs.o
                0x0000384a                get_initial_range_guess
 .text.range_estimate
                0x00003a28      0x61c src/range_algs.o
                0x00003a28                range_estimate
 .text.print_brightness_matrix
                0x00004044       0x9c src/range_algs.o
                0x00004044                print_brightness_matrix
 .text.use_rnb_data
                0x000040e0      0x13c src/range_algs.o
                0x000040e0                use_rnb_data
 .text.collect_rnb_data
                0x0000421c       0x6c src/range_algs.o
                0x0000421c                collect_rnb_data
 .text.rgb_led_init
                0x00004288       0x6e src/rgb_led.o
                0x00004288                rgb_led_init
 .text.led_off  0x000042f6       0x16 src/rgb_led.o
                0x000042f6                led_off
 .text.set_rgb  0x0000430c       0x1c src/rgb_led.o
                0x0000430c                set_rgb
 .text.hsv_to_rgb
                0x00004328      0x308 src/rgb_led.o
                0x00004328                hsv_to_rgb
 .text.set_hsv  0x00004630       0x5a src/rgb_led.o
                0x00004630                set_hsv
 .text.rgb_sensor_init
                0x0000468a       0x4e src/rgb_sensor.o
                0x0000468a                rgb_sensor_init
 .text.get_red_sensor
                0x000046d8       0x4a src/rgb_sensor.o
                0x000046d8                get_red_sensor
 .text.get_green_sensor
                0x00004722       0x4a src/rgb_sensor.o
                0x00004722                get_green_sensor
 .text.get_blue_sensor
                0x0000476c       0x4a src/rgb_sensor.o
                0x0000476c                get_blue_sensor
 .text.get_rgb_sensors
                0x000047b6       0xb0 src/rgb_sensor.o
                0x000047b6                get_rgb_sensors
 .text.scheduler_init
                0x00004866       0x64 src/scheduler.o
                0x00004866                scheduler_init
 .text.Config32MHzClock
                0x000048ca       0x4e src/scheduler.o
                0x000048ca                Config32MHzClock
 .text.delay_ms
                0x00004918       0x4c src/scheduler.o
                0x00004918                delay_ms
 .text.schedule_task
                0x00004964      0x22c src/scheduler.o
                0x00004964                schedule_task
 .text.remove_task
                0x00004b90      0x18a src/scheduler.o
                0x00004b90                remove_task
 .text.print_task_queue
                0x00004d1a       0x98 src/scheduler.o
                0x00004d1a                print_task_queue
 .text.run_tasks
                0x00004db2      0x170 src/scheduler.o
                0x00004db2                run_tasks
 .text.__vector_10
                0x00004f22      0x104 src/scheduler.o
                0x00004f22                __vector_10
 .text.send_id  0x00005026        0x2 src/serial_handler.o
                0x00005026                send_id
 .text.collect_rnb_data_wrapper
                0x00005028       0x16 src/serial_handler.o
                0x00005028                collect_rnb_data_wrapper
 .text.handle_check_collisions
                0x0000503e       0x80 src/serial_handler.o
                0x0000503e                handle_check_collisions
 .text.handle_move_steps
                0x000050be       0x8c src/serial_handler.o
                0x000050be                handle_move_steps
 .text.handle_walk
                0x0000514a       0x4c src/serial_handler.o
                0x0000514a                handle_walk
 .text.handle_get_rgb
                0x00005196       0x62 src/serial_handler.o
                0x00005196                handle_get_rgb
 .text.handle_set_ir
                0x000051f8       0x30 src/serial_handler.o
                0x000051f8                handle_set_ir
 .text.handle_stop_walk
                0x00005228       0x1a src/serial_handler.o
                0x00005228                handle_stop_walk
 .text.handle_set_motors
                0x00005242      0x130 src/serial_handler.o
                0x00005242                handle_set_motors
 .text.handle_set_mm_per_kilostep
                0x00005372       0x4c src/serial_handler.o
                0x00005372                handle_set_mm_per_kilostep
 .text.handle_rnb_broadcast
                0x000053be       0x14 src/serial_handler.o
                0x000053be                handle_rnb_broadcast
 .text.handle_rnb_collect
                0x000053d2       0x6e src/serial_handler.o
                0x000053d2                handle_rnb_collect
 .text.handle_rnb_transmit
                0x00005440       0x58 src/serial_handler.o
                0x00005440                handle_rnb_transmit
 .text.handle_rnb_receive
                0x00005498       0x4e src/serial_handler.o
                0x00005498                handle_rnb_receive
 .text.handle_set_led
                0x000054e6      0x16c src/serial_handler.o
                0x000054e6                handle_set_led
 .text.handle_broadcast_id
                0x00005652       0x14 src/serial_handler.o
                0x00005652                handle_broadcast_id
 .text.handle_get_id
                0x00005666       0x22 src/serial_handler.o
                0x00005666                handle_get_id
 .text.handle_cmd
                0x00005688       0x5e src/serial_handler.o
                0x00005688                handle_cmd
 .text.handle_targeted_cmd
                0x000056e6       0xc0 src/serial_handler.o
                0x000056e6                handle_targeted_cmd
 .text.handle_shout
                0x000057a6       0x5e src/serial_handler.o
                0x000057a6                handle_shout
 .text.handle_target
                0x00005804       0x80 src/serial_handler.o
                0x00005804                handle_target
 .text.get_command_word_and_args
                0x00005884       0x94 src/serial_handler.o
                0x00005884                get_command_word_and_args
 .text.handle_serial_command
                0x00005918      0x288 src/serial_handler.o
                0x00005918                handle_serial_command
 .text.initAtoms
                0x00005ba0      0x15a main.o
                0x00005ba0                initAtoms
 .text.init     0x00005cfa       0x7a main.o
                0x00005cfa                init
 .text.loop     0x00005d74        0x2 main.o
                0x00005d74                loop
 .text.handle_msg
                0x00005d76        0x2 main.o
                0x00005d76                handle_msg
 .text.avr-libc.fplib
                0x00005d78        0xa c:/program files (x86)/atmel/atmel toolchain/avr8 gcc/native/3.4.1061/avr8-gnu-toolchain/bin/../lib/gcc/avr/4.8.1/../../../../avr/lib/avrxmega6\libm.a(addsf3.o)
                0x00005d78                __subsf3
                0x00005d7a                __addsf3
 .text.avr-libc.fplib
                0x00005d82       0xc0 c:/program files (x86)/atmel/atmel toolchain/avr8 gcc/native/3.4.1061/avr8-gnu-toolchain/bin/../lib/gcc/avr/4.8.1/../../../../avr/lib/avrxmega6\libm.a(addsf3x.o)
                0x00005d9c                __addsf3x
 .text.avr-libc.fplib
                0x00005e42       0x74 c:/program files (x86)/atmel/atmel toolchain/avr8 gcc/native/3.4.1061/avr8-gnu-toolchain/bin/../lib/gcc/avr/4.8.1/../../../../avr/lib/avrxmega6\libm.a(atan2.o)
                0x00005e60                atan2
 .text.avr-libc.fplib
                0x00005eb6       0x50 c:/program files (x86)/atmel/atmel toolchain/avr8 gcc/native/3.4.1061/avr8-gnu-toolchain/bin/../lib/gcc/avr/4.8.1/../../../../avr/lib/avrxmega6\libm.a(atan.o)
                0x00005eb6                atan
 .text.avr-libc.fplib
                0x00005f06        0x8 c:/program files (x86)/atmel/atmel toolchain/avr8 gcc/native/3.4.1061/avr8-gnu-toolchain/bin/../lib/gcc/avr/4.8.1/../../../../avr/lib/avrxmega6\libm.a(cmpsf2.o)
                0x00005f06                __nesf2
                0x00005f06                __eqsf2
                0x00005f06                __cmpsf2
                0x00005f06                __ltsf2
                0x00005f06                __lesf2
 .text.avr-libc.fplib
                0x00005f0e        0x6 c:/program files (x86)/atmel/atmel toolchain/avr8 gcc/native/3.4.1061/avr8-gnu-toolchain/bin/../lib/gcc/avr/4.8.1/../../../../avr/lib/avrxmega6\libm.a(cos.o)
                0x00005f0e                cos
 .text.avr-libc.fplib
                0x00005f14        0x4 c:/program files (x86)/atmel/atmel toolchain/avr8 gcc/native/3.4.1061/avr8-gnu-toolchain/bin/../lib/gcc/avr/4.8.1/../../../../avr/lib/avrxmega6\libm.a(divsf3.o)
                0x00005f14                __divsf3
 .text.avr-libc.fplib
                0x00005f18       0xcc c:/program files (x86)/atmel/atmel toolchain/avr8 gcc/native/3.4.1061/avr8-gnu-toolchain/bin/../lib/gcc/avr/4.8.1/../../../../avr/lib/avrxmega6\libm.a(divsf3x.o)
                0x00005f2e                __divsf3x
                0x00005f32                __divsf3_pse
 .text.avr-libc.fplib
                0x00005fe4        0xa c:/program files (x86)/atmel/atmel toolchain/avr8 gcc/native/3.4.1061/avr8-gnu-toolchain/bin/../lib/gcc/avr/4.8.1/../../../../avr/lib/avrxmega6\libm.a(fixsfsi.o)
                0x00005fe4                __fixsfsi
 .text.avr-libc.fplib
                0x00005fee       0x58 c:/program files (x86)/atmel/atmel toolchain/avr8 gcc/native/3.4.1061/avr8-gnu-toolchain/bin/../lib/gcc/avr/4.8.1/../../../../avr/lib/avrxmega6\libm.a(fixunssfsi.o)
                0x00005fee                __fixunssfsi
 .text.avr-libc.fplib
                0x00006046       0x7a c:/program files (x86)/atmel/atmel toolchain/avr8 gcc/native/3.4.1061/avr8-gnu-toolchain/bin/../lib/gcc/avr/4.8.1/../../../../avr/lib/avrxmega6\libm.a(floatsisf.o)
                0x00006046                __floatunsisf
                0x0000604a                __floatsisf
 .text.avr-libc.fplib
                0x000060c0       0x9c c:/program files (x86)/atmel/atmel toolchain/avr8 gcc/native/3.4.1061/avr8-gnu-toolchain/bin/../lib/gcc/avr/4.8.1/../../../../avr/lib/avrxmega6\libm.a(fmod.o)
                0x000060ce                fmod
 .text.avr-libc.fplib
                0x0000615c       0x48 c:/program files (x86)/atmel/atmel toolchain/avr8 gcc/native/3.4.1061/avr8-gnu-toolchain/bin/../lib/gcc/avr/4.8.1/../../../../avr/lib/avrxmega6\libm.a(fp_cmp.o)
                0x0000615c                __fp_cmp
 .text.avr-libc.fplib
                0x000061a4        0xc c:/program files (x86)/atmel/atmel toolchain/avr8 gcc/native/3.4.1061/avr8-gnu-toolchain/bin/../lib/gcc/avr/4.8.1/../../../../avr/lib/avrxmega6\libm.a(fp_inf.o)
                0x000061a4                __fp_inf
 .text.avr-libc.fplib
                0x000061b0       0x1c c:/program files (x86)/atmel/atmel toolchain/avr8 gcc/native/3.4.1061/avr8-gnu-toolchain/bin/../lib/gcc/avr/4.8.1/../../../../avr/lib/avrxmega6\libm.a(fp_mpack.o)
                0x000061b0                __fp_mpack
                0x000061b4                __fp_mpack_finite
 .text.avr-libc.fplib
                0x000061cc        0x6 c:/program files (x86)/atmel/atmel toolchain/avr8 gcc/native/3.4.1061/avr8-gnu-toolchain/bin/../lib/gcc/avr/4.8.1/../../../../avr/lib/avrxmega6\libm.a(fp_nan.o)
                0x000061cc                __fp_nan
 .text.avr-libc.fplib
                0x000061d2       0x4a c:/program files (x86)/atmel/atmel toolchain/avr8 gcc/native/3.4.1061/avr8-gnu-toolchain/bin/../lib/gcc/avr/4.8.1/../../../../avr/lib/avrxmega6\libm.a(fp_powser.o)
                0x000061d2                __fp_powser
 .text.avr-libc.fplib
                0x0000621c        0xe c:/program files (x86)/atmel/atmel toolchain/avr8 gcc/native/3.4.1061/avr8-gnu-toolchain/bin/../lib/gcc/avr/4.8.1/../../../../avr/lib/avrxmega6\libm.a(fp_pscA.o)
                0x0000621c                __fp_pscA
 .text.avr-libc.fplib
                0x0000622a        0xe c:/program files (x86)/atmel/atmel toolchain/avr8 gcc/native/3.4.1061/avr8-gnu-toolchain/bin/../lib/gcc/avr/4.8.1/../../../../avr/lib/avrxmega6\libm.a(fp_pscB.o)
                0x0000622a                __fp_pscB
 .text.avr-libc.fplib
                0x00006238       0x50 c:/program files (x86)/atmel/atmel toolchain/avr8 gcc/native/3.4.1061/avr8-gnu-toolchain/bin/../lib/gcc/avr/4.8.1/../../../../avr/lib/avrxmega6\libm.a(fp_rempio2.o)
                0x0000623a                __fp_rempio2
 .text.avr-libc.fplib
                0x00006288       0x22 c:/program files (x86)/atmel/atmel toolchain/avr8 gcc/native/3.4.1061/avr8-gnu-toolchain/bin/../lib/gcc/avr/4.8.1/../../../../avr/lib/avrxmega6\libm.a(fp_round.o)
                0x00006288                __fp_round
 .text.avr-libc.fplib
                0x000062aa       0x22 c:/program files (x86)/atmel/atmel toolchain/avr8 gcc/native/3.4.1061/avr8-gnu-toolchain/bin/../lib/gcc/avr/4.8.1/../../../../avr/lib/avrxmega6\libm.a(fp_sinus.o)
                0x000062aa                __fp_sinus
 .text.avr-libc.fplib
                0x000062cc       0x44 c:/program files (x86)/atmel/atmel toolchain/avr8 gcc/native/3.4.1061/avr8-gnu-toolchain/bin/../lib/gcc/avr/4.8.1/../../../../avr/lib/avrxmega6\libm.a(fp_split3.o)
                0x000062cc                __fp_split3
                0x000062dc                __fp_splitA
 .text.avr-libc.fplib
                0x00006310        0xe c:/program files (x86)/atmel/atmel toolchain/avr8 gcc/native/3.4.1061/avr8-gnu-toolchain/bin/../lib/gcc/avr/4.8.1/../../../../avr/lib/avrxmega6\libm.a(fp_zero.o)
                0x00006310                __fp_zero
                0x00006312                __fp_szero
 .text.avr-libc.fplib
                0x0000631e        0x8 c:/program files (x86)/atmel/atmel toolchain/avr8 gcc/native/3.4.1061/avr8-gnu-toolchain/bin/../lib/gcc/avr/4.8.1/../../../../avr/lib/avrxmega6\libm.a(gesf2.o)
                0x0000631e                __gesf2
                0x0000631e                __gtsf2
 .text.avr-libc.fplib
                0x00006326        0xe c:/program files (x86)/atmel/atmel toolchain/avr8 gcc/native/3.4.1061/avr8-gnu-toolchain/bin/../lib/gcc/avr/4.8.1/../../../../avr/lib/avrxmega6\libm.a(inverse.o)
                0x00006326                inverse
 .text.avr-libc.fplib
                0x00006334        0x4 c:/program files (x86)/atmel/atmel toolchain/avr8 gcc/native/3.4.1061/avr8-gnu-toolchain/bin/../lib/gcc/avr/4.8.1/../../../../avr/lib/avrxmega6\libm.a(mulsf3.o)
                0x00006334                __mulsf3
 .text.avr-libc.fplib
                0x00006338       0xc2 c:/program files (x86)/atmel/atmel toolchain/avr8 gcc/native/3.4.1061/avr8-gnu-toolchain/bin/../lib/gcc/avr/4.8.1/../../../../avr/lib/avrxmega6\libm.a(mulsf3x.o)
                0x0000634c                __mulsf3x
                0x00006350                __mulsf3_pse
 .text.avr-libc.fplib
                0x000063fa        0xc c:/program files (x86)/atmel/atmel toolchain/avr8 gcc/native/3.4.1061/avr8-gnu-toolchain/bin/../lib/gcc/avr/4.8.1/../../../../avr/lib/avrxmega6\libm.a(sin.o)
                0x000063fa                sin
 .text.avr-libc.fplib
                0x00006406       0x84 c:/program files (x86)/atmel/atmel toolchain/avr8 gcc/native/3.4.1061/avr8-gnu-toolchain/bin/../lib/gcc/avr/4.8.1/../../../../avr/lib/avrxmega6\libm.a(sqrt.o)
                0x0000640e                sqrt
 .text.avr-libc.fplib
                0x0000648a        0x6 c:/program files (x86)/atmel/atmel toolchain/avr8 gcc/native/3.4.1061/avr8-gnu-toolchain/bin/../lib/gcc/avr/4.8.1/../../../../avr/lib/avrxmega6\libm.a(square.o)
                0x0000648a                square
 .text.avr-libc.fplib
                0x00006490        0xe c:/program files (x86)/atmel/atmel toolchain/avr8 gcc/native/3.4.1061/avr8-gnu-toolchain/bin/../lib/gcc/avr/4.8.1/../../../../avr/lib/avrxmega6\libm.a(fp_norm2.o)
                0x00006490                __fp_norm2
 .text.avr-libc.fplib
                0x0000649e       0x22 c:/program files (x86)/atmel/atmel toolchain/avr8 gcc/native/3.4.1061/avr8-gnu-toolchain/bin/../lib/gcc/avr/4.8.1/../../../../avr/lib/avrxmega6\libm.a(fp_powsodd.o)
                0x0000649e                __fp_powsodd
 .text.avr-libc
                0x000064c0      0x702 c:/program files (x86)/atmel/atmel toolchain/avr8 gcc/native/3.4.1061/avr8-gnu-toolchain/bin/../lib/gcc/avr/4.8.1/../../../../avr/lib/avrxmega6\libprintf_flt.a(vfprintf_flt.o)
                0x000064c0                vfprintf
 .text.libgcc.div
                0x00006bc2       0x28 c:/program files (x86)/atmel/atmel toolchain/avr8 gcc/native/3.4.1061/avr8-gnu-toolchain/bin/../lib/gcc/avr/4.8.1/avrxmega6\libgcc.a(_udivmodhi4.o)
                0x00006bc2                __udivmodhi4
 .text.libgcc.div
                0x00006bea       0x26 c:/program files (x86)/atmel/atmel toolchain/avr8 gcc/native/3.4.1061/avr8-gnu-toolchain/bin/../lib/gcc/avr/4.8.1/avrxmega6\libgcc.a(_divmodhi4.o)
                0x00006bea                _div
                0x00006bea                __divmodhi4
 .text.libgcc   0x00006c10        0xc c:/program files (x86)/atmel/atmel toolchain/avr8 gcc/native/3.4.1061/avr8-gnu-toolchain/bin/../lib/gcc/avr/4.8.1/avrxmega6\libgcc.a(_tablejump.o)
                0x00006c10                __tablejump2__
                0x00006c14                __tablejump__
 .text.libgcc.mul
                0x00006c1c       0x1e c:/program files (x86)/atmel/atmel toolchain/avr8 gcc/native/3.4.1061/avr8-gnu-toolchain/bin/../lib/gcc/avr/4.8.1/avrxmega6\libgcc.a(_umulhisi3.o)
                0x00006c1c                __umulhisi3
 .text.avr-libc
                0x00006c3a      0x222 c:/program files (x86)/atmel/atmel toolchain/avr8 gcc/native/3.4.1061/avr8-gnu-toolchain/bin/../lib/gcc/avr/4.8.1/../../../../avr/lib/avrxmega6\libc.a(strtoul.o)
                0x00006c3a                strtoul
 .text.avr-libc
                0x00006e5c       0x3a c:/program files (x86)/atmel/atmel toolchain/avr8 gcc/native/3.4.1061/avr8-gnu-toolchain/bin/../lib/gcc/avr/4.8.1/../../../../avr/lib/avrxmega6\libc.a(atoi.o)
                0x00006e5c                atoi
 .text.avr-libc
                0x00006e96      0x1b0 c:/program files (x86)/atmel/atmel toolchain/avr8 gcc/native/3.4.1061/avr8-gnu-toolchain/bin/../lib/gcc/avr/4.8.1/../../../../avr/lib/avrxmega6\libc.a(ftoa_engine.o)
                0x00006e96                __ftoa_engine
 .text.avr-libc
                0x00007046       0x10 c:/program files (x86)/atmel/atmel toolchain/avr8 gcc/native/3.4.1061/avr8-gnu-toolchain/bin/../lib/gcc/avr/4.8.1/../../../../avr/lib/avrxmega6\libc.a(isspace.o)
                0x00007046                isspace
 .text.avr-libc
                0x00007056       0x16 c:/program files (x86)/atmel/atmel toolchain/avr8 gcc/native/3.4.1061/avr8-gnu-toolchain/bin/../lib/gcc/avr/4.8.1/../../../../avr/lib/avrxmega6\libc.a(strnlen_P.o)
                0x00007056                strnlen_P
 .text.avr-libc
                0x0000706c        0x6 c:/program files (x86)/atmel/atmel toolchain/avr8 gcc/native/3.4.1061/avr8-gnu-toolchain/bin/../lib/gcc/avr/4.8.1/../../../../avr/lib/avrxmega6\libc.a(strtok.o)
                0x0000706c                strtok
 .text.avr-libc
                0x00007072       0x12 c:/program files (x86)/atmel/atmel toolchain/avr8 gcc/native/3.4.1061/avr8-gnu-toolchain/bin/../lib/gcc/avr/4.8.1/../../../../avr/lib/avrxmega6\libc.a(memcpy.o)
                0x00007072                memcpy
 .text.avr-libc
                0x00007084       0x12 c:/program files (x86)/atmel/atmel toolchain/avr8 gcc/native/3.4.1061/avr8-gnu-toolchain/bin/../lib/gcc/avr/4.8.1/../../../../avr/lib/avrxmega6\libc.a(strcmp.o)
                0x00007084                strcmp
 .text.avr-libc
                0x00007096        0xe c:/program files (x86)/atmel/atmel toolchain/avr8 gcc/native/3.4.1061/avr8-gnu-toolchain/bin/../lib/gcc/avr/4.8.1/../../../../avr/lib/avrxmega6\libc.a(strcpy.o)
                0x00007096                strcpy
 .text.avr-libc
                0x000070a4       0x1e c:/program files (x86)/atmel/atmel toolchain/avr8 gcc/native/3.4.1061/avr8-gnu-toolchain/bin/../lib/gcc/avr/4.8.1/../../../../avr/lib/avrxmega6\libc.a(strcspn.o)
                0x000070a4                strcspn
 .text.avr-libc
                0x000070c2       0x1e c:/program files (x86)/atmel/atmel toolchain/avr8 gcc/native/3.4.1061/avr8-gnu-toolchain/bin/../lib/gcc/avr/4.8.1/../../../../avr/lib/avrxmega6\libc.a(strncpy.o)
                0x000070c2                strncpy
 .text.avr-libc
                0x000070e0       0x16 c:/program files (x86)/atmel/atmel toolchain/avr8 gcc/native/3.4.1061/avr8-gnu-toolchain/bin/../lib/gcc/avr/4.8.1/../../../../avr/lib/avrxmega6\libc.a(strnlen.o)
                0x000070e0                strnlen
 .text.avr-libc
                0x000070f6       0x4e c:/program files (x86)/atmel/atmel toolchain/avr8 gcc/native/3.4.1061/avr8-gnu-toolchain/bin/../lib/gcc/avr/4.8.1/../../../../avr/lib/avrxmega6\libc.a(strtok_r.o)
                0x000070f6                strtok_r
 .text.avr-libc
                0x00007144       0x10 c:/program files (x86)/atmel/atmel toolchain/avr8 gcc/native/3.4.1061/avr8-gnu-toolchain/bin/../lib/gcc/avr/4.8.1/../../../../avr/lib/avrxmega6\libc.a(mul10.o)
                0x00007144                __mulhi_const_10
 .text.avr-libc
                0x00007154       0x64 c:/program files (x86)/atmel/atmel toolchain/avr8 gcc/native/3.4.1061/avr8-gnu-toolchain/bin/../lib/gcc/avr/4.8.1/../../../../avr/lib/avrxmega6\libc.a(fputc.o)
                0x00007154                fputc
 .text.avr-libc
                0x000071b8       0x22 c:/program files (x86)/atmel/atmel toolchain/avr8 gcc/native/3.4.1061/avr8-gnu-toolchain/bin/../lib/gcc/avr/4.8.1/../../../../avr/lib/avrxmega6\libc.a(printf.o)
                0x000071b8                printf
 .text.avr-libc
                0x000071da        0xa c:/program files (x86)/atmel/atmel toolchain/avr8 gcc/native/3.4.1061/avr8-gnu-toolchain/bin/../lib/gcc/avr/4.8.1/../../../../avr/lib/avrxmega6\libc.a(putchar.o)
                0x000071da                putchar
 .text.avr-libc
                0x000071e4       0x5a c:/program files (x86)/atmel/atmel toolchain/avr8 gcc/native/3.4.1061/avr8-gnu-toolchain/bin/../lib/gcc/avr/4.8.1/../../../../avr/lib/avrxmega6\libc.a(puts.o)
                0x000071e4                puts
 .text.avr-libc
                0x0000723e       0xbc c:/program files (x86)/atmel/atmel toolchain/avr8 gcc/native/3.4.1061/avr8-gnu-toolchain/bin/../lib/gcc/avr/4.8.1/../../../../avr/lib/avrxmega6\libc.a(ultoa_invert.o)
                0x0000723e                __ultoa_invert
 .text.avr-libc
                0x000072fa        0x6 c:/program files (x86)/atmel/atmel toolchain/avr8 gcc/native/3.4.1061/avr8-gnu-toolchain/bin/../lib/gcc/avr/4.8.1/../../../../avr/lib/avrxmega6\libc.a(cty_isfalse.o)
                0x000072fa                __ctype_isfalse
                0x000072fe                __ctype_istrue
 .text.libgcc.mul
                0x00007300       0x1e c:/program files (x86)/atmel/atmel toolchain/avr8 gcc/native/3.4.1061/avr8-gnu-toolchain/bin/../lib/gcc/avr/4.8.1/avrxmega6\libgcc.a(_mulsi3.o)
                0x00007300                __mulsi3
 .text.libgcc.div
                0x0000731e       0x44 c:/program files (x86)/atmel/atmel toolchain/avr8 gcc/native/3.4.1061/avr8-gnu-toolchain/bin/../lib/gcc/avr/4.8.1/avrxmega6\libgcc.a(_udivmodsi4.o)
                0x0000731e                __udivmodsi4
 .text.libgcc.mul
                0x00007362       0x14 c:/program files (x86)/atmel/atmel toolchain/avr8 gcc/native/3.4.1061/avr8-gnu-toolchain/bin/../lib/gcc/avr/4.8.1/avrxmega6\libgcc.a(_muluhisi3.o)
                0x00007362                __muluhisi3
                0x00007376                . = ALIGN (0x2)
 *(.fini9)
 .fini9         0x00007376        0x0 c:/program files (x86)/atmel/atmel toolchain/avr8 gcc/native/3.4.1061/avr8-gnu-toolchain/bin/../lib/gcc/avr/4.8.1/avrxmega6\libgcc.a(_exit.o)
                0x00007376                _exit
                0x00007376                exit
 *(.fini9)
 *(.fini8)
 *(.fini8)
 *(.fini7)
 *(.fini7)
 *(.fini6)
 *(.fini6)
 *(.fini5)
 *(.fini5)
 *(.fini4)
 *(.fini4)
 *(.fini3)
 *(.fini3)
 *(.fini2)
 *(.fini2)
 *(.fini1)
 *(.fini1)
 *(.fini0)
 .fini0         0x00007376        0x4 c:/program files (x86)/atmel/atmel toolchain/avr8 gcc/native/3.4.1061/avr8-gnu-toolchain/bin/../lib/gcc/avr/4.8.1/avrxmega6\libgcc.a(_exit.o)
 *(.fini0)
                0x0000737a                _etext = .

.data           0x00802000      0x7b0 load address 0x0000737a
                0x00802000                PROVIDE (__data_start, .)
 *(.data)
 *(.data*)
 .data.ir_carrier_bm
                0x00802000        0x6 src/ir_comm.o
                0x00802000                ir_carrier_bm
 .data.channel  0x00802006        0xc src/ir_sensor.o
                0x00802006                channel
 .data.mystdout
                0x00802012        0xe src/pc_comm.o
 .data.basis_angle
                0x00802020       0x18 src/range_algs.o
                0x00802020                basis_angle
 .data.basis    0x00802038       0x30 src/range_algs.o
                0x00802038                basis
 *(.rodata)
 .rodata        0x00802068       0x40 src/droplet_init.o
 .rodata        0x008020a8       0x60 main.o
 *(.rodata*)
 .rodata.str1.1
                0x00802108       0x68 src/droplet_init.o
 .rodata.str1.1
                0x00000000       0x68 src/ir_sensor.o
                                  0x2 (size before relaxing)
 .rodata.mux_sensor_selectors
                0x00802170        0x6 src/ir_sensor.o
                0x00802170                mux_sensor_selectors
 .rodata.str1.1
                0x00802176       0xbd src/motor.o
                                 0xc3 (size before relaxing)
 .rodata.str1.1
                0x00802233       0x47 src/pc_comm.o
                                 0x49 (size before relaxing)
 .rodata.str1.1
                0x0080227a       0x73 src/range_algs.o
                                 0x7d (size before relaxing)
 .rodata.str1.1
                0x008022ed       0x59 src/scheduler.o
 .rodata.str1.1
                0x00802346      0x3ef src/serial_handler.o
                                0x402 (size before relaxing)
 .rodata.str1.1
                0x00802735       0x7a main.o
 *(.gnu.linkonce.d*)
                0x008027b0                . = ALIGN (0x2)
 *fill*         0x008027af        0x1 
                0x008027b0                _edata = .
                0x008027b0                PROVIDE (__data_end, .)

.bss            0x008027b0      0x5c2
                0x008027b0                PROVIDE (__bss_start, .)
 *(.bss)
 .bss           0x008027b0        0x2 c:/program files (x86)/atmel/atmel toolchain/avr8 gcc/native/3.4.1061/avr8-gnu-toolchain/bin/../lib/gcc/avr/4.8.1/../../../../avr/lib/avrxmega6\libc.a(strtok.o)
 *(.bss*)
 .bss.droplet_ID
                0x008027b2        0x2 src/droplet_init.o
                0x008027b2                droplet_ID
 *(COMMON)
 COMMON         0x008027b4      0x47c src/droplet_init.o
                0x008027b4                current_motor_task
                0x008027b6                thePower
                0x008027b8                user_facing_messages_ovf
                0x008027b9                rtc_epoch
                0x008027bb                escaped
                0x008027bc                serial_in_buffer
                0x008027fc                serial_in_index
                0x008027fe                motor_status
                0x008027ff                msg_node
                0x008029a9                cmd_sender_id
                0x008029ab                num_waiting_msgs
                0x008029ac                gsenbase
                0x008029ad                num_tasks
                0x008029ae                motor_on_time
                0x008029b0                num_executing_tasks
                0x008029b1                bsenbase
                0x008029b2                last_good_rnb
                0x008029c2                ir_sense_baseline
                0x008029c8                rnb_updated
                0x008029c9                rsenbase
                0x008029ca                motor_off_time
                0x008029cc                count
                0x008029cd                serial_data_out_buffer
                0x00802a0f                mm_per_kilostep
                0x00802a1f                ir_rxtx
                0x00802bf9                escaped_arrow
                0x00802bfa                motor_adjusts
                0x00802c2a                cmd_arrival_time
                0x00802c2e                task_list
 COMMON         0x00802c30       0x43 src/ir_comm.o
                0x00802c30                cmd_length
                0x00802c32                next_byte
                0x00802c33                cmd_buffer
 COMMON         0x00802c73        0x2 src/random.o
                0x00802c73                r_round
                0x00802c74                r_position
 COMMON         0x00802c75       0x90 src/range_algs.o
                0x00802c75                bright_meas
 COMMON         0x00802d05       0x65 src/scheduler.o
                0x00802d05                curr_pointer
                0x00802d06                task_storage_arr
 COMMON         0x00802d6a        0x6 c:/program files (x86)/atmel/atmel toolchain/avr8 gcc/native/3.4.1061/avr8-gnu-toolchain/bin/../lib/gcc/avr/4.8.1/../../../../avr/lib/avrxmega6\libc.a(iob.o)
                0x00802d6a                __iob
 COMMON         0x00802d70        0x2 c:/program files (x86)/atmel/atmel toolchain/avr8 gcc/native/3.4.1061/avr8-gnu-toolchain/bin/../lib/gcc/avr/4.8.1/../../../../avr/lib/avrxmega6\libc.a(errno.o)
                0x00802d70                errno
                0x00802d72                PROVIDE (__bss_end, .)
                0x0000737a                __data_load_start = LOADADDR (.data)
                0x00007b2a                __data_load_end = (__data_load_start + SIZEOF (.data))

.noinit         0x00802d72        0x0
                0x00802d72                PROVIDE (__noinit_start, .)
 *(.noinit*)
                0x00802d72                PROVIDE (__noinit_end, .)
                0x00802d72                _end = .
                0x00802d72                PROVIDE (__heap_start, .)

.eeprom         0x00810000        0x0
 *(.eeprom*)
                0x00810000                __eeprom_end = .

.fuse
 *(.fuse)
 *(.lfuse)
 *(.hfuse)
 *(.efuse)

.lock
 *(.lock*)

.signature
 *(.signature*)

.user_signatures
 *(.user_signatures*)

.stab
 *(.stab)

.stabstr
 *(.stabstr)

.stab.excl
 *(.stab.excl)

.stab.exclstr
 *(.stab.exclstr)

.stab.index
 *(.stab.index)

.stab.indexstr
 *(.stab.indexstr)

.comment        0x00000000       0x5c
 *(.comment)
 .comment       0x00000000       0x30 src/droplet_init.o
                                 0x31 (size before relaxing)
 .comment       0x00000000       0x31 src/eeprom_driver.o
 .comment       0x00000000       0x31 src/i2c.o
 .comment       0x00000000       0x31 src/ir_comm.o
 .comment       0x00000000       0x31 src/ir_sensor.o
 .comment       0x00000000       0x31 src/motor.o
 .comment       0x00000000       0x31 src/pc_comm.o
 .comment       0x00000000       0x31 src/power.o
 .comment       0x00000000       0x31 src/random.o
 .comment       0x00000000       0x31 src/range_algs.o
 .comment       0x00000000       0x31 src/rgb_led.o
 .comment       0x00000000       0x31 src/rgb_sensor.o
 .comment       0x00000000       0x31 src/scheduler.o
 .comment       0x00000000       0x31 src/serial_handler.o
 .comment       0x00000000       0x31 main.o
 .comment       0x00000030       0x2c c:/program files (x86)/atmel/atmel toolchain/avr8 gcc/native/3.4.1061/avr8-gnu-toolchain/bin/../lib/gcc/avr/4.8.1/../../../../avr/lib/avrxmega6\libprintf_flt.a(vfprintf_flt.o)
                                 0x2d (size before relaxing)
 .comment       0x00000000       0x31 c:/program files (x86)/atmel/atmel toolchain/avr8 gcc/native/3.4.1061/avr8-gnu-toolchain/bin/../lib/gcc/avr/4.8.1/../../../../avr/lib/avrxmega6\libc.a(strtoul.o)
 .comment       0x00000000       0x31 c:/program files (x86)/atmel/atmel toolchain/avr8 gcc/native/3.4.1061/avr8-gnu-toolchain/bin/../lib/gcc/avr/4.8.1/../../../../avr/lib/avrxmega6\libc.a(strtok.o)
 .comment       0x00000000       0x31 c:/program files (x86)/atmel/atmel toolchain/avr8 gcc/native/3.4.1061/avr8-gnu-toolchain/bin/../lib/gcc/avr/4.8.1/../../../../avr/lib/avrxmega6\libc.a(fputc.o)
 .comment       0x00000000       0x31 c:/program files (x86)/atmel/atmel toolchain/avr8 gcc/native/3.4.1061/avr8-gnu-toolchain/bin/../lib/gcc/avr/4.8.1/../../../../avr/lib/avrxmega6\libc.a(iob.o)
 .comment       0x00000000       0x31 c:/program files (x86)/atmel/atmel toolchain/avr8 gcc/native/3.4.1061/avr8-gnu-toolchain/bin/../lib/gcc/avr/4.8.1/../../../../avr/lib/avrxmega6\libc.a(printf.o)
 .comment       0x00000000       0x31 c:/program files (x86)/atmel/atmel toolchain/avr8 gcc/native/3.4.1061/avr8-gnu-toolchain/bin/../lib/gcc/avr/4.8.1/../../../../avr/lib/avrxmega6\libc.a(putchar.o)
 .comment       0x00000000       0x31 c:/program files (x86)/atmel/atmel toolchain/avr8 gcc/native/3.4.1061/avr8-gnu-toolchain/bin/../lib/gcc/avr/4.8.1/../../../../avr/lib/avrxmega6\libc.a(puts.o)
 .comment       0x00000000       0x2d c:/program files (x86)/atmel/atmel toolchain/avr8 gcc/native/3.4.1061/avr8-gnu-toolchain/bin/../lib/gcc/avr/4.8.1/../../../../avr/lib/avrxmega6\libc.a(errno.o)

.note.gnu.build-id
 *(.note.gnu.build-id)

.debug
 *(.debug)

.line
 *(.line)

.debug_srcinfo
 *(.debug_srcinfo)

.debug_sfnames
 *(.debug_sfnames)

.debug_aranges  0x00000000      0x660
 *(.debug_aranges)
 .debug_aranges
                0x00000000       0x58 src/droplet_init.o
 .debug_aranges
                0x00000058       0x58 src/eeprom_driver.o
 .debug_aranges
                0x000000b0       0x30 src/i2c.o
 .debug_aranges
                0x000000e0      0x110 src/ir_comm.o
 .debug_aranges
                0x000001f0       0x38 src/ir_sensor.o
 .debug_aranges
                0x00000228       0x78 src/motor.o
 .debug_aranges
                0x000002a0       0x50 src/pc_comm.o
 .debug_aranges
                0x000002f0       0x48 src/power.o
 .debug_aranges
                0x00000338       0x38 src/random.o
 .debug_aranges
                0x00000370       0xe0 src/range_algs.o
 .debug_aranges
                0x00000450       0x40 src/rgb_led.o
 .debug_aranges
                0x00000490       0x40 src/rgb_sensor.o
 .debug_aranges
                0x000004d0       0x58 src/scheduler.o
 .debug_aranges
                0x00000528       0x20 src/scheduler_asm.o
 .debug_aranges
                0x00000548       0xd8 src/serial_handler.o
 .debug_aranges
                0x00000620       0x40 main.o

.debug_pubnames
 *(.debug_pubnames)

.debug_info     0x00000000     0xecf1
 *(.debug_info .gnu.linkonce.wi.*)
 .debug_info    0x00000000      0xee3 src/droplet_init.o
 .debug_info    0x00000ee3      0x5cb src/eeprom_driver.o
 .debug_info    0x000014ae      0x4c8 src/i2c.o
 .debug_info    0x00001976     0x1b08 src/ir_comm.o
 .debug_info    0x0000347e     0x11ea src/ir_sensor.o
 .debug_info    0x00004668     0x18bc src/motor.o
 .debug_info    0x00005f24      0xa8a src/pc_comm.o
 .debug_info    0x000069ae      0x474 src/power.o
 .debug_info    0x00006e22      0x609 src/random.o
 .debug_info    0x0000742b     0x23e3 src/range_algs.o
 .debug_info    0x0000980e      0xaff src/rgb_led.o
 .debug_info    0x0000a30d     0x1085 src/rgb_sensor.o
 .debug_info    0x0000b392      0xb1d src/scheduler.o
 .debug_info    0x0000beaf      0x113 src/scheduler_asm.o
 .debug_info    0x0000bfc2     0x236d src/serial_handler.o
 .debug_info    0x0000e32f      0x9c2 main.o

.debug_abbrev   0x00000000     0x2a03
 *(.debug_abbrev)
 .debug_abbrev  0x00000000      0x34a src/droplet_init.o
 .debug_abbrev  0x0000034a      0x1e1 src/eeprom_driver.o
 .debug_abbrev  0x0000052b      0x1c7 src/i2c.o
 .debug_abbrev  0x000006f2      0x42f src/ir_comm.o
 .debug_abbrev  0x00000b21      0x330 src/ir_sensor.o
 .debug_abbrev  0x00000e51      0x39b src/motor.o
 .debug_abbrev  0x000011ec      0x287 src/pc_comm.o
 .debug_abbrev  0x00001473      0x159 src/power.o
 .debug_abbrev  0x000015cc      0x13e src/random.o
 .debug_abbrev  0x0000170a      0x491 src/range_algs.o
 .debug_abbrev  0x00001b9b      0x203 src/rgb_led.o
 .debug_abbrev  0x00001d9e      0x25d src/rgb_sensor.o
 .debug_abbrev  0x00001ffb      0x367 src/scheduler.o
 .debug_abbrev  0x00002362       0x14 src/scheduler_asm.o
 .debug_abbrev  0x00002376      0x417 src/serial_handler.o
 .debug_abbrev  0x0000278d      0x276 main.o

.debug_line     0x00000000     0x586c
 *(.debug_line .debug_line.* .debug_line_end)
 .debug_line    0x00000000      0x744 src/droplet_init.o
 .debug_line    0x00000744      0x3d1 src/eeprom_driver.o
 .debug_line    0x00000b15      0x2dd src/i2c.o
 .debug_line    0x00000df2      0xc7c src/ir_comm.o
 .debug_line    0x00001a6e      0x471 src/ir_sensor.o
 .debug_line    0x00001edf      0x663 src/motor.o
 .debug_line    0x00002542      0x42a src/pc_comm.o
 .debug_line    0x0000296c      0x2fe src/power.o
 .debug_line    0x00002c6a      0x2a3 src/random.o
 .debug_line    0x00002f0d      0xbfd src/range_algs.o
 .debug_line    0x00003b0a      0x392 src/rgb_led.o
 .debug_line    0x00003e9c      0x394 src/rgb_sensor.o
 .debug_line    0x00004230      0x721 src/scheduler.o
 .debug_line    0x00004951      0x2a6 src/scheduler_asm.o
 .debug_line    0x00004bf7      0x9fe src/serial_handler.o
 .debug_line    0x000055f5      0x277 main.o

.debug_frame    0x00000000     0x1f48
 *(.debug_frame)
 .debug_frame   0x00000000       0xd4 src/droplet_init.o
 .debug_frame   0x000000d4      0x140 src/eeprom_driver.o
 .debug_frame   0x00000214       0x7c src/i2c.o
 .debug_frame   0x00000290      0x990 src/ir_comm.o
 .debug_frame   0x00000c20      0x104 src/ir_sensor.o
 .debug_frame   0x00000d24      0x238 src/motor.o
 .debug_frame   0x00000f5c       0xf8 src/pc_comm.o
 .debug_frame   0x00001054       0x74 src/power.o
 .debug_frame   0x000010c8       0x70 src/random.o
 .debug_frame   0x00001138      0x628 src/range_algs.o
 .debug_frame   0x00001760       0xe8 src/rgb_led.o
 .debug_frame   0x00001848       0xe0 src/rgb_sensor.o
 .debug_frame   0x00001928      0x1b8 src/scheduler.o
 .debug_frame   0x00001ae0      0x3a4 src/serial_handler.o
 .debug_frame   0x00001e84       0xc4 main.o

.debug_str      0x00000000     0x343f
 *(.debug_str)
 .debug_str     0x00000000      0xabc src/droplet_init.o
                                0xb89 (size before relaxing)
 .debug_str     0x00000abc      0x150 src/eeprom_driver.o
                                0x71f (size before relaxing)
 .debug_str     0x00000c0c      0x2d9 src/i2c.o
                                0x54f (size before relaxing)
 .debug_str     0x00000ee5      0x848 src/ir_comm.o
                                0xe5d (size before relaxing)
 .debug_str     0x0000172d      0x744 src/ir_sensor.o
                                0xd40 (size before relaxing)
 .debug_str     0x00001e71      0x3e0 src/motor.o
                                0xc35 (size before relaxing)
 .debug_str     0x00002251      0x107 src/pc_comm.o
                                0x7f0 (size before relaxing)
 .debug_str     0x00002358      0x267 src/power.o
                                0x50b (size before relaxing)
 .debug_str     0x000025bf       0x9b src/random.o
                                0x438 (size before relaxing)
 .debug_str     0x0000265a      0x3f8 src/range_algs.o
                                0xcef (size before relaxing)
 .debug_str     0x00002a52       0xad src/rgb_led.o
                                0x802 (size before relaxing)
 .debug_str     0x00002aff      0x17f src/rgb_sensor.o
                                0xd5e (size before relaxing)
 .debug_str     0x00002c7e      0x3c4 src/scheduler.o
                                0x745 (size before relaxing)
 .debug_str     0x00003042      0x314 src/serial_handler.o
                                0xc11 (size before relaxing)
 .debug_str     0x00003356       0xe9 main.o
                                0x524 (size before relaxing)

.debug_loc      0x00000000     0x9c23
 *(.debug_loc)
 .debug_loc     0x00000000      0xdc8 src/droplet_init.o
 .debug_loc     0x00000dc8      0x524 src/eeprom_driver.o
 .debug_loc     0x000012ec       0xd9 src/i2c.o
 .debug_loc     0x000013c5     0x20f9 src/ir_comm.o
 .debug_loc     0x000034be      0x617 src/ir_sensor.o
 .debug_loc     0x00003ad5      0x95b src/motor.o
 .debug_loc     0x00004430      0x24b src/pc_comm.o
 .debug_loc     0x0000467b       0x66 src/power.o
 .debug_loc     0x000046e1       0xff src/random.o
 .debug_loc     0x000047e0     0x23f4 src/range_algs.o
 .debug_loc     0x00006bd4      0xf4c src/rgb_led.o
 .debug_loc     0x00007b20      0x2c1 src/rgb_sensor.o
 .debug_loc     0x00007de1      0xa9f src/scheduler.o
 .debug_loc     0x00008880     0x1173 src/serial_handler.o
 .debug_loc     0x000099f3      0x230 main.o

.debug_macinfo
 *(.debug_macinfo)

.debug_weaknames
 *(.debug_weaknames)

.debug_funcnames
 *(.debug_funcnames)

.debug_typenames
 *(.debug_typenames)

.debug_varnames
 *(.debug_varnames)

.debug_pubtypes
 *(.debug_pubtypes)

.debug_ranges   0x00000000      0x908
 *(.debug_ranges)
 .debug_ranges  0x00000000       0x68 src/droplet_init.o
 .debug_ranges  0x00000068       0x78 src/eeprom_driver.o
 .debug_ranges  0x000000e0       0x20 src/i2c.o
 .debug_ranges  0x00000100      0x1f8 src/ir_comm.o
 .debug_ranges  0x000002f8       0x58 src/ir_sensor.o
 .debug_ranges  0x00000350      0x110 src/motor.o
 .debug_ranges  0x00000460       0x40 src/pc_comm.o
 .debug_ranges  0x000004a0       0x38 src/power.o
 .debug_ranges  0x000004d8       0x28 src/random.o
 .debug_ranges  0x00000500      0x188 src/range_algs.o
 .debug_ranges  0x00000688       0x30 src/rgb_led.o
 .debug_ranges  0x000006b8       0x30 src/rgb_sensor.o
 .debug_ranges  0x000006e8       0xa8 src/scheduler.o
 .debug_ranges  0x00000790      0x130 src/serial_handler.o
 .debug_ranges  0x000008c0       0x48 main.o

.debug_macro
 *(.debug_macro)
OUTPUT(Chem_sim_droplets.elf elf32-avr)
LOAD linker stubs

.BOOT           0x00020000        0x0
