Archive member included because of file (symbol)

c:/program files (x86)/atmel/atmel toolchain/avr8 gcc/native/3.4.1061/avr8-gnu-toolchain/bin/../lib/gcc/avr/4.8.1/../../../../avr/lib/avrxmega6\libm.a(addsf3.o)
                              src/range_algs.o (__subsf3)
c:/program files (x86)/atmel/atmel toolchain/avr8 gcc/native/3.4.1061/avr8-gnu-toolchain/bin/../lib/gcc/avr/4.8.1/../../../../avr/lib/avrxmega6\libm.a(addsf3x.o)
                              c:/program files (x86)/atmel/atmel toolchain/avr8 gcc/native/3.4.1061/avr8-gnu-toolchain/bin/../lib/gcc/avr/4.8.1/../../../../avr/lib/avrxmega6\libm.a(addsf3.o) (__addsf3x)
c:/program files (x86)/atmel/atmel toolchain/avr8 gcc/native/3.4.1061/avr8-gnu-toolchain/bin/../lib/gcc/avr/4.8.1/../../../../avr/lib/avrxmega6\libm.a(atan2.o)
                              src/range_algs.o (atan2)
c:/program files (x86)/atmel/atmel toolchain/avr8 gcc/native/3.4.1061/avr8-gnu-toolchain/bin/../lib/gcc/avr/4.8.1/../../../../avr/lib/avrxmega6\libm.a(atan.o)
                              c:/program files (x86)/atmel/atmel toolchain/avr8 gcc/native/3.4.1061/avr8-gnu-toolchain/bin/../lib/gcc/avr/4.8.1/../../../../avr/lib/avrxmega6\libm.a(atan2.o) (atan)
c:/program files (x86)/atmel/atmel toolchain/avr8 gcc/native/3.4.1061/avr8-gnu-toolchain/bin/../lib/gcc/avr/4.8.1/../../../../avr/lib/avrxmega6\libm.a(cmpsf2.o)
                              src/range_algs.o (__eqsf2)
c:/program files (x86)/atmel/atmel toolchain/avr8 gcc/native/3.4.1061/avr8-gnu-toolchain/bin/../lib/gcc/avr/4.8.1/../../../../avr/lib/avrxmega6\libm.a(cos.o)
                              src/range_algs.o (cos)
c:/program files (x86)/atmel/atmel toolchain/avr8 gcc/native/3.4.1061/avr8-gnu-toolchain/bin/../lib/gcc/avr/4.8.1/../../../../avr/lib/avrxmega6\libm.a(divsf3.o)
                              src/motor.o (__divsf3)
c:/program files (x86)/atmel/atmel toolchain/avr8 gcc/native/3.4.1061/avr8-gnu-toolchain/bin/../lib/gcc/avr/4.8.1/../../../../avr/lib/avrxmega6\libm.a(divsf3x.o)
                              c:/program files (x86)/atmel/atmel toolchain/avr8 gcc/native/3.4.1061/avr8-gnu-toolchain/bin/../lib/gcc/avr/4.8.1/../../../../avr/lib/avrxmega6\libm.a(divsf3.o) (__divsf3x)
c:/program files (x86)/atmel/atmel toolchain/avr8 gcc/native/3.4.1061/avr8-gnu-toolchain/bin/../lib/gcc/avr/4.8.1/../../../../avr/lib/avrxmega6\libm.a(fixsfsi.o)
                              src/rgb_led.o (__fixsfsi)
c:/program files (x86)/atmel/atmel toolchain/avr8 gcc/native/3.4.1061/avr8-gnu-toolchain/bin/../lib/gcc/avr/4.8.1/../../../../avr/lib/avrxmega6\libm.a(fixunssfsi.o)
                              src/motor.o (__fixunssfsi)
c:/program files (x86)/atmel/atmel toolchain/avr8 gcc/native/3.4.1061/avr8-gnu-toolchain/bin/../lib/gcc/avr/4.8.1/../../../../avr/lib/avrxmega6\libm.a(floatsisf.o)
                              src/motor.o (__floatunsisf)
c:/program files (x86)/atmel/atmel toolchain/avr8 gcc/native/3.4.1061/avr8-gnu-toolchain/bin/../lib/gcc/avr/4.8.1/../../../../avr/lib/avrxmega6\libm.a(fmod.o)
                              src/range_algs.o (fmod)
c:/program files (x86)/atmel/atmel toolchain/avr8 gcc/native/3.4.1061/avr8-gnu-toolchain/bin/../lib/gcc/avr/4.8.1/../../../../avr/lib/avrxmega6\libm.a(fp_cmp.o)
                              c:/program files (x86)/atmel/atmel toolchain/avr8 gcc/native/3.4.1061/avr8-gnu-toolchain/bin/../lib/gcc/avr/4.8.1/../../../../avr/lib/avrxmega6\libm.a(cmpsf2.o) (__fp_cmp)
c:/program files (x86)/atmel/atmel toolchain/avr8 gcc/native/3.4.1061/avr8-gnu-toolchain/bin/../lib/gcc/avr/4.8.1/../../../../avr/lib/avrxmega6\libm.a(fp_inf.o)
                              c:/program files (x86)/atmel/atmel toolchain/avr8 gcc/native/3.4.1061/avr8-gnu-toolchain/bin/../lib/gcc/avr/4.8.1/../../../../avr/lib/avrxmega6\libm.a(addsf3x.o) (__fp_inf)
c:/program files (x86)/atmel/atmel toolchain/avr8 gcc/native/3.4.1061/avr8-gnu-toolchain/bin/../lib/gcc/avr/4.8.1/../../../../avr/lib/avrxmega6\libm.a(fp_mpack.o)
                              c:/program files (x86)/atmel/atmel toolchain/avr8 gcc/native/3.4.1061/avr8-gnu-toolchain/bin/../lib/gcc/avr/4.8.1/../../../../avr/lib/avrxmega6\libm.a(fmod.o) (__fp_mpack)
c:/program files (x86)/atmel/atmel toolchain/avr8 gcc/native/3.4.1061/avr8-gnu-toolchain/bin/../lib/gcc/avr/4.8.1/../../../../avr/lib/avrxmega6\libm.a(fp_nan.o)
                              c:/program files (x86)/atmel/atmel toolchain/avr8 gcc/native/3.4.1061/avr8-gnu-toolchain/bin/../lib/gcc/avr/4.8.1/../../../../avr/lib/avrxmega6\libm.a(addsf3x.o) (__fp_nan)
c:/program files (x86)/atmel/atmel toolchain/avr8 gcc/native/3.4.1061/avr8-gnu-toolchain/bin/../lib/gcc/avr/4.8.1/../../../../avr/lib/avrxmega6\libm.a(fp_powser.o)
                              c:/program files (x86)/atmel/atmel toolchain/avr8 gcc/native/3.4.1061/avr8-gnu-toolchain/bin/../lib/gcc/avr/4.8.1/../../../../avr/lib/avrxmega6\libm.a(atan.o) (__fp_powser)
[...]
Memory Configuration

Name             Origin             Length             Attributes
text             0x00000000         0x00100000         xr
data             0x00802000         0x0000ffa0         rw !x
eeprom           0x00810000         0x00010000         rw !x
fuse             0x00820000         0x00000400         rw !x
lock             0x00830000         0x00000400         rw !x
signature        0x00840000         0x00000400         rw !x
user_signatures  0x00850000         0x00000400         rw !x
*default*        0x00000000         0xffffffff

Linker script and memory map

LOAD c:/program files (x86)/atmel/atmel toolchain/avr8 gcc/native/3.4.1061/avr8-gnu-toolchain/bin/../lib/gcc/avr/4.8.1/../../../../avr/lib/avrxmega6/crtx128a3u.o
LOAD src/droplet_init.o
LOAD src/ecc.o
LOAD src/eeprom_driver.o
LOAD src/flash_api.o
LOAD src/flash_api_asm.o
LOAD src/i2c.o
LOAD src/ir_comm.o
LOAD src/ir_sensor.o
LOAD src/motor.o
LOAD src/pc_comm.o
LOAD src/power.o
LOAD src/random.o
LOAD src/range_algs.o
LOAD src/rgb_led.o
LOAD src/rgb_sensor.o
LOAD src/scheduler.o
LOAD src/scheduler_asm.o
LOAD src/serial_handler.o
LOAD src/sp_driver.o
LOAD main.o
LOAD vector.o
START GROUP
LOAD c:/program files (x86)/atmel/atmel toolchain/avr8 gcc/native/3.4.1061/avr8-gnu-toolchain/bin/../lib/gcc/avr/4.8.1/../../../../avr/lib/avrxmega6\libm.a
END GROUP
Address of section .BOOT set to 0x20000
LOAD c:/program files (x86)/atmel/atmel toolchain/avr8 gcc/native/3.4.1061/avr8-gnu-toolchain/bin/../lib/gcc/avr/4.8.1/../../../../avr/lib/avrxmega6\libprintf_flt.a
START GROUP
LOAD c:/program files (x86)/atmel/atmel toolchain/avr8 gcc/native/3.4.1061/avr8-gnu-toolchain/bin/../lib/gcc/avr/4.8.1/avrxmega6\libgcc.a
LOAD c:/program files (x86)/atmel/atmel toolchain/avr8 gcc/native/3.4.1061/avr8-gnu-toolchain/bin/../lib/gcc/avr/4.8.1/../../../../avr/lib/avrxmega6\libm.a
LOAD c:/program files (x86)/atmel/atmel toolchain/avr8 gcc/native/3.4.1061/avr8-gnu-toolchain/bin/../lib/gcc/avr/4.8.1/../../../../avr/lib/avrxmega6\libc.a
END GROUP

.hash
 *(.hash)

.dynsym
 *(.dynsym)

.dynstr
 *(.dynstr)

.gnu.version
 *(.gnu.version)

.gnu.version_d
 *(.gnu.version_d)

.gnu.version_r
 *(.gnu.version_r)

.rel.init
 *(.rel.init)

.rela.init
 *(.rela.init)

.rel.text
 *(.rel.text)
 *(.rel.text.*)
 *(.rel.gnu.linkonce.t*)

.rela.text
 *(.rela.text)
 *(.rela.text.*)
 *(.rela.gnu.linkonce.t*)

.rel.fini
 *(.rel.fini)

.rela.fini
 *(.rela.fini)

.rel.rodata
 *(.rel.rodata)
 *(.rel.rodata.*)
 *(.rel.gnu.linkonce.r*)

.rela.rodata
 *(.rela.rodata)
 *(.rela.rodata.*)
 *(.rela.gnu.linkonce.r*)

.rel.data
 *(.rel.data)
 *(.rel.data.*)
 *(.rel.gnu.linkonce.d*)

.rela.data
 *(.rela.data)
 *(.rela.data.*)
 *(.rela.gnu.linkonce.d*)

.rel.ctors
 *(.rel.ctors)

.rela.ctors
 *(.rela.ctors)

.rel.dtors
 *(.rel.dtors)

.rela.dtors
 *(.rela.dtors)

.rel.got
 *(.rel.got)

.rela.got
 *(.rela.got)

.rel.bss
 *(.rel.bss)

.rela.bss
 *(.rela.bss)

.rel.plt
 *(.rel.plt)

.rela.plt
 *(.rela.plt)

.text           0x00000000     0x78e6
 *(.vectors)
 .vectors       0x00000000      0x1fc c:/program files (x86)/atmel/atmel toolchain/avr8 gcc/native/3.4.1061/avr8-gnu-toolchain/bin/../lib/gcc/avr/4.8.1/../../../../avr/lib/avrxmega6/crtx128a3u.o
                0x00000000                __vector_default
                0x00000000                __vectors
 *(.vectors)
 *(.progmem.gcc*)
 .progmem.gcc_sw_table.__vector_46
                0x000001fc        0xe src/i2c.o
 .progmem.gcc_sw_table.ir_receive
                0x0000020a        0xe src/ir_comm.o
 .progmem.gcc_sw_table.ir_transmit
                0x00000218        0xe src/ir_comm.o
 .progmem.gcc_fplib
                0x00000226       0x2d c:/program files (x86)/atmel/atmel toolchain/avr8 gcc/native/3.4.1061/avr8-gnu-toolchain/bin/../lib/gcc/avr/4.8.1/../../../../avr/lib/avrxmega6\libm.a(atan.o)
 .progmem.gcc_fplib
                0x00000253       0x1e c:/program files (x86)/atmel/atmel toolchain/avr8 gcc/native/3.4.1061/avr8-gnu-toolchain/bin/../lib/gcc/avr/4.8.1/../../../../avr/lib/avrxmega6\libm.a(fp_sinus.o)
                0x00000272                . = ALIGN (0x2)
 *fill*         0x00000271        0x1 
                0x00000272                __trampolines_start = .
 *(.trampolines)
 .trampolines   0x00000272        0x0 linker stubs
 *(.trampolines*)
                0x00000272                __trampolines_end = .
 *(.progmem*)
 .progmem.data  0x00000272        0x8 c:/program files (x86)/atmel/atmel toolchain/avr8 gcc/native/3.4.1061/avr8-gnu-toolchain/bin/../lib/gcc/avr/4.8.1/../../../../avr/lib/avrxmega6\libprintf_flt.a(vfprintf_flt.o)
 .progmem.data  0x0000027a       0xfa c:/program files (x86)/atmel/atmel toolchain/avr8 gcc/native/3.4.1061/avr8-gnu-toolchain/bin/../lib/gcc/avr/4.8.1/../../../../avr/lib/avrxmega6\libc.a(ftoa_engine.o)
                0x00000374                . = ALIGN (0x2)
 *(.jumptables)
 *(.jumptables*)
 *(.lowtext)
 *(.lowtext*)
                0x00000374                __ctors_start = .
 *(.ctors)
                0x00000374                __ctors_end = .
                0x00000374                __dtors_start = .
 *(.dtors)
                0x00000374                __dtors_end = .
 SORT(*)(.ctors)
 SORT(*)(.dtors)
 *(.init0)
 .init0         0x00000374        0x0 c:/program files (x86)/atmel/atmel toolchain/avr8 gcc/native/3.4.1061/avr8-gnu-toolchain/bin/../lib/gcc/avr/4.8.1/../../../../avr/lib/avrxmega6/crtx128a3u.o
                0x00000374                __init
 *(.init0)
 *(.init1)
 *(.init1)
 *(.init2)
 .init2         0x00000374       0x10 c:/program files (x86)/atmel/atmel toolchain/avr8 gcc/native/3.4.1061/avr8-gnu-toolchain/bin/../lib/gcc/avr/4.8.1/../../../../avr/lib/avrxmega6/crtx128a3u.o
 *(.init2)
 *(.init3)
 *(.init3)
 *(.init4)
 .init4         0x00000384       0x1a c:/program files (x86)/atmel/atmel toolchain/avr8 gcc/native/3.4.1061/avr8-gnu-toolchain/bin/../lib/gcc/avr/4.8.1/avrxmega6\libgcc.a(_copy_data.o)
                0x00000384                __do_copy_data
 .init4         0x0000039e       0x10 c:/program files (x86)/atmel/atmel toolchain/avr8 gcc/native/3.4.1061/avr8-gnu-toolchain/bin/../lib/gcc/avr/4.8.1/avrxmega6\libgcc.a(_clear_bss.o)
                0x0000039e                __do_clear_bss
 *(.init4)
 *(.init5)
 *(.init5)
 *(.init6)
 *(.init6)
 *(.init7)
 *(.init7)
 *(.init8)
 *(.init8)
 *(.init9)
 .init9         0x000003ae        0x6 c:/program files (x86)/atmel/atmel toolchain/avr8 gcc/native/3.4.1061/avr8-gnu-toolchain/bin/../lib/gcc/avr/4.8.1/../../../../avr/lib/avrxmega6/crtx128a3u.o
 *(.init9)
 *(.text)
 .text          0x000003b4        0x2 c:/program files (x86)/atmel/atmel toolchain/avr8 gcc/native/3.4.1061/avr8-gnu-toolchain/bin/../lib/gcc/avr/4.8.1/../../../../avr/lib/avrxmega6/crtx128a3u.o
                0x000003b4                __vector_38
                0x000003b4                __vector_104
                0x000003b4                __vector_22
                0x000003b4                __vector_67
                0x000003b4                __vector_1
                0x000003b4                __vector_32
                0x000003b4                __vector_75
                0x000003b4                __vector_71
                0x000003b4                __vector_34
                0x000003b4                __vector_77
                0x000003b4                __vector_102
                0x000003b4                __vector_24
                0x000003b4                __vector_12
                0x000003b4                __vector_55
                0x000003b4                __vector_69
                0x000003b4                __vector_81
                0x000003b4                __bad_interrupt
                0x000003b4                __vector_122
                0x000003b4                __vector_72
                0x000003b4                __vector_114
                0x000003b4                __vector_6
                0x000003b4                __vector_110
                0x000003b4                __vector_31
                0x000003b4                __vector_92
                0x000003b4                __vector_35
                0x000003b4                __vector_78
                0x000003b4                __vector_74
                0x000003b4                __vector_117
                0x000003b4                __vector_39
                0x000003b4                __vector_107
                0x000003b4                __vector_3
                0x000003b4                __vector_105
                0x000003b4                __vector_98
                0x000003b4                __vector_23
                0x000003b4                __vector_68
                0x000003b4                __vector_73
                0x000003b4                __vector_45
                0x000003b4                __vector_93
                0x000003b4                __vector_54
                0x000003b4                __vector_99
                0x000003b4                __vector_13
                0x000003b4                __vector_17
                0x000003b4                __vector_19
                0x000003b4                __vector_56
                0x000003b4                __vector_7
                0x000003b4                __vector_125
                0x000003b4                __vector_49
                0x000003b4                __vector_123
                0x000003b4                __vector_41
                0x000003b4                __vector_86
                0x000003b4                __vector_100
                0x000003b4                __vector_101
                0x000003b4                __vector_64
                0x000003b4                __vector_109
                0x000003b4                __vector_43
                0x000003b4                __vector_5
                0x000003b4                __vector_113
                0x000003b4                __vector_33
                0x000003b4                __vector_76
                0x000003b4                __vector_115
                0x000003b4                __vector_47
                0x000003b4                __vector_52
                0x000003b4                __vector_37
                0x000003b4                __vector_95
                0x000003b4                __vector_103
                0x000003b4                __vector_96
                0x000003b4                __vector_108
                0x000003b4                __vector_4
                0x000003b4                __vector_44
                0x000003b4                __vector_82
                0x000003b4                __vector_106
                0x000003b4                __vector_118
                0x000003b4                __vector_51
                0x000003b4                __vector_9
                0x000003b4                __vector_2
                0x000003b4                __vector_21
                0x000003b4                __vector_15
                0x000003b4                __vector_66
                0x000003b4                __vector_36
                0x000003b4                __vector_79
                0x000003b4                __vector_70
                0x000003b4                __vector_83
                0x000003b4                __vector_40
                0x000003b4                __vector_85
                0x000003b4                __vector_94
                0x000003b4                __vector_126
                0x000003b4                __vector_8
                0x000003b4                __vector_48
                0x000003b4                __vector_124
                0x000003b4                __vector_116
                0x000003b4                __vector_112
                0x000003b4                __vector_111
                0x000003b4                __vector_80
                0x000003b4                __vector_14
                0x000003b4                __vector_84
                0x000003b4                __vector_57
                0x000003b4                __vector_53
                0x000003b4                __vector_50
                0x000003b4                __vector_16
                0x000003b4                __vector_18
                0x000003b4                __vector_97
                0x000003b4                __vector_20
                0x000003b4                __vector_42
                0x000003b4                __vector_87
                0x000003b4                __vector_65
 .text          0x000003b6       0xc4 src/scheduler_asm.o
                0x000003b6                __vector_11
                0x000003b6                rtc_compare_isr
                0x00000412                restore_registers
                0x00000462                get_time
                0x0000047a                . = ALIGN (0x2)
 *(.text.*)
 .text.check_messages
                0x0000047a       0xfc src/droplet_init.o
                0x0000047a                check_messages
 .text.calculate_id_number
                0x00000576       0x9c src/droplet_init.o
                0x00000576                calculate_id_number
 .text.enable_interrupts
                0x00000612       0x1a src/droplet_init.o
                0x00000612                enable_interrupts
 .text.startup_light_sequence
                0x0000062c       0xb0 src/droplet_init.o
                0x0000062c                startup_light_sequence
 .text.init_all_systems
                0x000006dc       0x34 src/droplet_init.o
                0x000006dc                init_all_systems
 .text.main     0x00000710        0xe src/droplet_init.o
                0x00000710                main
 .text.droplet_reboot
                0x0000071e        0xe src/droplet_init.o
                0x0000071e                droplet_reboot
 .text.wait_for_nvm
                0x0000072c        0xc src/eeprom_driver.o
                0x0000072c                wait_for_nvm
 .text.flush_buffer
                0x00000738       0x22 src/eeprom_driver.o
                0x00000738                flush_buffer
 .text.EEPROM_read_byte
                0x0000075a       0x36 src/eeprom_driver.o
                0x0000075a                EEPROM_read_byte
 .text.EEPROM_write_byte
                0x00000790       0x3c src/eeprom_driver.o
                0x00000790                EEPROM_write_byte
 .text.i2c_init
                0x000007cc       0x28 src/i2c.o
                0x000007cc                i2c_init
 .text.__vector_46
                0x000007f4       0xb6 src/i2c.o
                0x000007f4                __vector_46
 .text.set_all_ir_powers
                0x000008aa       0x2e src/i2c.o
                0x000008aa                set_all_ir_powers
 .text.perform_ir_upkeep
                0x000008d8      0x402 src/ir_comm.o
                0x000008d8                perform_ir_upkeep
 .text.handle_cmd_wrapper
                0x00000cda       0x72 src/ir_comm.o
                0x00000cda                handle_cmd_wrapper
 .text.ir_comm_init
                0x00000d4c      0x150 src/ir_comm.o
                0x00000d4c                ir_comm_init
 .text.send_msg
                0x00000e9c      0x1ee src/ir_comm.o
                0x00000e9c                send_msg
 .text.ir_receive
                0x0000108a      0x478 src/ir_comm.o
                0x0000108a                ir_receive
 .text.ir_transmit
                0x00001502      0x1e4 src/ir_comm.o
                0x00001502                ir_transmit
 .text.ir_transmit_complete
                0x000016e6       0x64 src/ir_comm.o
                0x000016e6                ir_transmit_complete
 .text.wait_for_ir
                0x0000174a       0x44 src/ir_comm.o
                0x0000174a                wait_for_ir
 .text.ir_targeted_cmd
                0x0000178e       0x8c src/ir_comm.o
                0x0000178e                ir_targeted_cmd
 .text.ir_cmd   0x0000181a       0x90 src/ir_comm.o
                0x0000181a                ir_cmd
 .text.ir_targeted_send
                0x000018aa       0x86 src/ir_comm.o
                0x000018aa                ir_targeted_send
 .text.ir_send  0x00001930       0x82 src/ir_comm.o
                0x00001930                ir_send
 .text.__vector_25
                0x000019b2       0x50 src/ir_comm.o
                0x000019b2                __vector_25
 .text.__vector_27
                0x00001a02       0x50 src/ir_comm.o
                0x00001a02                __vector_27
 .text.__vector_26
                0x00001a52       0x50 src/ir_comm.o
                0x00001a52                __vector_26
 .text.__vector_28
                0x00001aa2       0x50 src/ir_comm.o
                0x00001aa2                __vector_28
 .text.__vector_30
                0x00001af2       0x50 src/ir_comm.o
                0x00001af2                __vector_30
 .text.__vector_29
                0x00001b42       0x50 src/ir_comm.o
                0x00001b42                __vector_29
 .text.__vector_88
                0x00001b92       0x50 src/ir_comm.o
                0x00001b92                __vector_88
 .text.__vector_90
                0x00001be2       0x50 src/ir_comm.o
                0x00001be2                __vector_90
 .text.__vector_89
                0x00001c32       0x50 src/ir_comm.o
                0x00001c32                __vector_89
 .text.__vector_58
                0x00001c82       0x50 src/ir_comm.o
                0x00001c82                __vector_58
 .text.__vector_60
                0x00001cd2       0x50 src/ir_comm.o
                0x00001cd2                __vector_60
 .text.__vector_59
                0x00001d22       0x50 src/ir_comm.o
                0x00001d22                __vector_59
 .text.__vector_61
                0x00001d72       0x50 src/ir_comm.o
                0x00001d72                __vector_61
 .text.__vector_63
                0x00001dc2       0x50 src/ir_comm.o
                0x00001dc2                __vector_63
 .text.__vector_62
                0x00001e12       0x50 src/ir_comm.o
                0x00001e12                __vector_62
 .text.__vector_119
                0x00001e62       0x50 src/ir_comm.o
                0x00001e62                __vector_119
 .text.__vector_121
                0x00001eb2       0x50 src/ir_comm.o
                0x00001eb2                __vector_121
 .text.__vector_120
                0x00001f02       0x50 src/ir_comm.o
                0x00001f02                __vector_120
 .text.meas_find_median
                0x00001f52       0xbc src/ir_sensor.o
                0x00001f52                meas_find_median
 .text.get_ir_sensor
                0x0000200e       0x92 src/ir_sensor.o
                0x0000200e                get_ir_sensor
 .text.ir_sensor_init
                0x000020a0       0xb6 src/ir_sensor.o
                0x000020a0                ir_sensor_init
 .text.check_collisions
                0x00002156      0x21e src/ir_sensor.o
                0x00002156                check_collisions
 .text.stop     0x00002374       0x4a src/motor.o
                0x00002374                stop
 .text.is_moving
                0x000023be       0x14 src/motor.o
                0x000023be                is_moving
 .text.move_steps
                0x000023d2      0x376 src/motor.o
                0x000023d2                move_steps
 .text.walk     0x00002748       0x9a src/motor.o
                0x00002748                walk
 .text.set_mm_per_kilostep
                0x000027e2       0x12 src/motor.o
                0x000027e2                set_mm_per_kilostep
 .text.read_motor_settings
                0x000027f4       0x8c src/motor.o
                0x000027f4                read_motor_settings
 .text.motor_init
                0x00002880       0x48 src/motor.o
                0x00002880                motor_init
 .text.write_motor_settings
                0x000028c8       0x7a src/motor.o
                0x000028c8                write_motor_settings
 .text.print_motor_values
                0x00002942       0xb4 src/motor.o
                0x00002942                print_motor_values
 .text.print_dist_per_step
                0x000029f6       0x64 src/motor.o
                0x000029f6                print_dist_per_step
 .text.pc_comm_putchar
                0x00002a5a       0x14 src/pc_comm.o
                0x00002a5a                pc_comm_putchar
 .text.pc_comm_init
                0x00002a6e       0x42 src/pc_comm.o
                0x00002a6e                pc_comm_init
 .text.handle_up_arrow
                0x00002ab0       0x50 src/pc_comm.o
                0x00002ab0                handle_up_arrow
 .text.handle_serial_input
                0x00002b00       0xf0 src/pc_comm.o
                0x00002b00                handle_serial_input
 .text.__vector_91
                0x00002bf0       0x4e src/pc_comm.o
                0x00002bf0                __vector_91
 .text.cap_monitor_init
                0x00002c3e       0x1e src/power.o
                0x00002c3e                cap_monitor_init
 .text.leg_monitor_init
                0x00002c5c       0x2a src/power.o
                0x00002c5c                leg_monitor_init
 .text.power_init
                0x00002c86        0x6 src/power.o
                0x00002c86                power_init
 .text.random_init
                0x00002c8c       0x7c src/random.o
                0x00002c8c                random_init
 .text.range_algs_init
                0x00002d08       0x3a src/range_algs.o
                0x00002d08                range_algs_init
 .text.get_bearing
                0x00002d42       0xc6 src/range_algs.o
                0x00002d42                get_bearing
 .text.fill_S_and_T
                0x00002e08       0x7a src/range_algs.o
                0x00002e08                fill_S_and_T
 .text.pack_measurements_into_matrix
                0x00002e82       0x80 src/range_algs.o
                0x00002e82                pack_measurements_into_matrix
 .text.get_baseline_readings
                0x00002f02       0x50 src/range_algs.o
                0x00002f02                get_baseline_readings
 .text.ir_range_meas
                0x00002f52      0x110 src/range_algs.o
                0x00002f52                ir_range_meas
 .text.receive_rnb_data
                0x00003062       0x2e src/range_algs.o
                0x00003062                receive_rnb_data
 .text.ir_emit  0x00003090      0x314 src/range_algs.o
                0x00003090                ir_emit
 .text.ir_range_blast
                0x000033a4       0x7e src/range_algs.o
                0x000033a4                ir_range_blast
 .text.broadcast_rnb_data
                0x00003422       0x22 src/range_algs.o
                0x00003422                broadcast_rnb_data
 .text.pretty_angle
                0x00003444       0x76 src/range_algs.o
                0x00003444                pretty_angle
 .text.get_heading
                0x000034ba      0x12c src/range_algs.o
                0x000034ba                get_heading
 .text.rad_to_deg
                0x000035e6       0x1c src/range_algs.o
                0x000035e6                rad_to_deg
 .text.sensor_model
                0x00003602       0x52 src/range_algs.o
                0x00003602                sensor_model
 .text.emitter_model
                0x00003654       0x52 src/range_algs.o
                0x00003654                emitter_model
 .text.inverse_amplitude_model
                0x000036a6       0x44 src/range_algs.o
                0x000036a6                inverse_amplitude_model
 .text.get_initial_range_guess
                0x000036ea      0x1de src/range_algs.o
                0x000036ea                get_initial_range_guess
 .text.range_estimate
                0x000038c8      0x694 src/range_algs.o
                0x000038c8                range_estimate
 .text.use_rnb_data
                0x00003f5c      0x16c src/range_algs.o
                0x00003f5c                use_rnb_data
 .text.collect_rnb_data
                0x000040c8       0x6c src/range_algs.o
                0x000040c8                collect_rnb_data
 .text.rgb_led_init
                0x00004134       0x6e src/rgb_led.o
                0x00004134                rgb_led_init
 .text.led_off  0x000041a2       0x16 src/rgb_led.o
                0x000041a2                led_off
 .text.set_rgb  0x000041b8       0x1c src/rgb_led.o
                0x000041b8                set_rgb
 .text.hsv_to_rgb
                0x000041d4      0x308 src/rgb_led.o
                0x000041d4                hsv_to_rgb
 .text.set_hsv  0x000044dc       0x5a src/rgb_led.o
                0x000044dc                set_hsv
 .text.get_red_sensor
                0x00004536       0x64 src/rgb_sensor.o
                0x00004536                get_red_sensor
 .text.get_green_sensor
                0x0000459a       0x64 src/rgb_sensor.o
                0x0000459a                get_green_sensor
 .text.get_blue_sensor
                0x000045fe       0x64 src/rgb_sensor.o
                0x000045fe                get_blue_sensor
 .text.rgb_sensor_init
                0x00004662      0x104 src/rgb_sensor.o
                0x00004662                rgb_sensor_init
 .text.get_rgb_sensors
                0x00004766       0xce src/rgb_sensor.o
                0x00004766                get_rgb_sensors
 .text.scheduler_init
                0x00004834       0x64 src/scheduler.o
                0x00004834                scheduler_init
 .text.Config32MHzClock
                0x00004898       0x4e src/scheduler.o
                0x00004898                Config32MHzClock
 .text.delay_ms
                0x000048e6       0x4c src/scheduler.o
                0x000048e6                delay_ms
 .text.schedule_task
                0x00004932      0x22c src/scheduler.o
                0x00004932                schedule_task
 .text.remove_task
                0x00004b5e      0x18a src/scheduler.o
                0x00004b5e                remove_task
 .text.print_task_queue
                0x00004ce8       0x98 src/scheduler.o
                0x00004ce8                print_task_queue
 .text.run_tasks
                0x00004d80      0x170 src/scheduler.o
                0x00004d80                run_tasks
 .text.__vector_10
                0x00004ef0      0x104 src/scheduler.o
                0x00004ef0                __vector_10
 .text.send_id  0x00004ff4        0x2 src/serial_handler.o
                0x00004ff4                send_id
 .text.collect_rnb_data_wrapper
                0x00004ff6       0x16 src/serial_handler.o
                0x00004ff6                collect_rnb_data_wrapper
 .text.handle_check_collisions
                0x0000500c       0x80 src/serial_handler.o
                0x0000500c                handle_check_collisions
 .text.handle_move_steps
                0x0000508c       0x8c src/serial_handler.o
                0x0000508c                handle_move_steps
 .text.handle_walk
                0x00005118       0x4c src/serial_handler.o
                0x00005118                handle_walk
 .text.handle_get_rgb
                0x00005164       0x4a src/serial_handler.o
                0x00005164                handle_get_rgb
 .text.handle_set_ir
                0x000051ae       0x30 src/serial_handler.o
                0x000051ae                handle_set_ir
 .text.handle_stop_walk
                0x000051de       0x1e src/serial_handler.o
                0x000051de                handle_stop_walk
 .text.handle_set_motors
                0x000051fc      0x130 src/serial_handler.o
                0x000051fc                handle_set_motors
 .text.handle_set_mm_per_kilostep
                0x0000532c       0x4c src/serial_handler.o
                0x0000532c                handle_set_mm_per_kilostep
 .text.handle_rnb_broadcast
                0x00005378       0x14 src/serial_handler.o
                0x00005378                handle_rnb_broadcast
 .text.handle_rnb_collect
                0x0000538c       0x6e src/serial_handler.o
                0x0000538c                handle_rnb_collect
 .text.handle_rnb_transmit
                0x000053fa       0x58 src/serial_handler.o
                0x000053fa                handle_rnb_transmit
 .text.handle_rnb_receive
                0x00005452       0x4e src/serial_handler.o
                0x00005452                handle_rnb_receive
 .text.handle_set_led
                0x000054a0      0x16e src/serial_handler.o
                0x000054a0                handle_set_led
 .text.handle_broadcast_id
                0x0000560e       0x14 src/serial_handler.o
                0x0000560e                handle_broadcast_id
 .text.handle_get_id
                0x00005622       0x22 src/serial_handler.o
                0x00005622                handle_get_id
 .text.handle_cmd
                0x00005644       0x5e src/serial_handler.o
                0x00005644                handle_cmd
 .text.handle_targeted_cmd
                0x000056a2       0xc0 src/serial_handler.o
                0x000056a2                handle_targeted_cmd
 .text.handle_shout
                0x00005762       0x5e src/serial_handler.o
                0x00005762                handle_shout
 .text.handle_target
                0x000057c0       0x80 src/serial_handler.o
                0x000057c0                handle_target
 .text.get_command_word_and_args
                0x00005840       0x94 src/serial_handler.o
                0x00005840                get_command_word_and_args
 .text.handle_serial_command
                0x000058d4      0x2c4 src/serial_handler.o
                0x000058d4                handle_serial_command
 .text.update_near_atoms
                0x00005b98       0x34 main.o
                0x00005b98                update_near_atoms
 .text.periodic_rnb_broadcast
                0x00005bcc       0x22 main.o
                0x00005bcc                periodic_rnb_broadcast
 .text.print_near_atoms
                0x00005bee       0x78 main.o
                0x00005bee                print_near_atoms
 .text.add_to_near_atoms
                0x00005c66       0xdc main.o
                0x00005c66                add_to_near_atoms
 .text.getAtomFromAtomicNum
                0x00005d42       0xa4 main.o
                0x00005d42                getAtomFromAtomicNum
 .text.setAtomColor
                0x00005de6       0x88 main.o
                0x00005de6                setAtomColor
 .text.found_diatomic_routine
                0x00005e6e       0xba main.o
                0x00005e6e                found_diatomic_routine
 .text.detectOtherDroplets
                0x00005f28      0x148 main.o
                0x00005f28                detectOtherDroplets
 .text.init     0x00006070       0x8e main.o
                0x00006070                init
 .text.loop     0x000060fe        0xc main.o
                0x000060fe                loop
 .text.handle_msg
                0x0000610a      0x1e4 main.o
                0x0000610a                handle_msg
 .text.avr-libc.fplib
                0x000062ee        0xa c:/program files (x86)/atmel/atmel toolchain/avr8 gcc/native/3.4.1061/avr8-gnu-toolchain/bin/../lib/gcc/avr/4.8.1/../../../../avr/lib/avrxmega6\libm.a(addsf3.o)
                0x000062ee                __subsf3
                0x000062f0                __addsf3
 .text.avr-libc.fplib
                0x000062f8       0xc0 c:/program files (x86)/atmel/atmel toolchain/avr8 gcc/native/3.4.1061/avr8-gnu-toolchain/bin/../lib/gcc/avr/4.8.1/../../../../avr/lib/avrxmega6\libm.a(addsf3x.o)
                0x00006312                __addsf3x
 .text.avr-libc.fplib
                0x000063b8       0x74 c:/program files (x86)/atmel/atmel toolchain/avr8 gcc/native/3.4.1061/avr8-gnu-toolchain/bin/../lib/gcc/avr/4.8.1/../../../../avr/lib/avrxmega6\libm.a(atan2.o)
                0x000063d6                atan2
 .text.avr-libc.fplib
                0x0000642c       0x50 c:/program files (x86)/atmel/atmel toolchain/avr8 gcc/native/3.4.1061/avr8-gnu-toolchain/bin/../lib/gcc/avr/4.8.1/../../../../avr/lib/avrxmega6\libm.a(atan.o)
                0x0000642c                atan
 .text.avr-libc.fplib
                0x0000647c        0x8 c:/program files (x86)/atmel/atmel toolchain/avr8 gcc/native/3.4.1061/avr8-gnu-toolchain/bin/../lib/gcc/avr/4.8.1/../../../../avr/lib/avrxmega6\libm.a(cmpsf2.o)
                0x0000647c                __nesf2
                0x0000647c                __eqsf2
                0x0000647c                __cmpsf2
                0x0000647c                __ltsf2
                0x0000647c                __lesf2
 .text.avr-libc.fplib
                0x00006484        0x6 c:/program files (x86)/atmel/atmel toolchain/avr8 gcc/native/3.4.1061/avr8-gnu-toolchain/bin/../lib/gcc/avr/4.8.1/../../../../avr/lib/avrxmega6\libm.a(cos.o)
                0x00006484                cos
 .text.avr-libc.fplib
                0x0000648a        0x4 c:/program files (x86)/atmel/atmel toolchain/avr8 gcc/native/3.4.1061/avr8-gnu-toolchain/bin/../lib/gcc/avr/4.8.1/../../../../avr/lib/avrxmega6\libm.a(divsf3.o)
                0x0000648a                __divsf3
 .text.avr-libc.fplib
                0x0000648e       0xcc c:/program files (x86)/atmel/atmel toolchain/avr8 gcc/native/3.4.1061/avr8-gnu-toolchain/bin/../lib/gcc/avr/4.8.1/../../../../avr/lib/avrxmega6\libm.a(divsf3x.o)
                0x000064a4                __divsf3x
                0x000064a8                __divsf3_pse
 .text.avr-libc.fplib
                0x0000655a        0xa c:/program files (x86)/atmel/atmel toolchain/avr8 gcc/native/3.4.1061/avr8-gnu-toolchain/bin/../lib/gcc/avr/4.8.1/../../../../avr/lib/avrxmega6\libm.a(fixsfsi.o)
                0x0000655a                __fixsfsi
 .text.avr-libc.fplib
                0x00006564       0x58 c:/program files (x86)/atmel/atmel toolchain/avr8 gcc/native/3.4.1061/avr8-gnu-toolchain/bin/../lib/gcc/avr/4.8.1/../../../../avr/lib/avrxmega6\libm.a(fixunssfsi.o)
                0x00006564                __fixunssfsi
 .text.avr-libc.fplib
                0x000065bc       0x7a c:/program files (x86)/atmel/atmel toolchain/avr8 gcc/native/3.4.1061/avr8-gnu-toolchain/bin/../lib/gcc/avr/4.8.1/../../../../avr/lib/avrxmega6\libm.a(floatsisf.o)
                0x000065bc                __floatunsisf
                0x000065c0                __floatsisf
 .text.avr-libc.fplib
                0x00006636       0x9c c:/program files (x86)/atmel/atmel toolchain/avr8 gcc/native/3.4.1061/avr8-gnu-toolchain/bin/../lib/gcc/avr/4.8.1/../../../../avr/lib/avrxmega6\libm.a(fmod.o)
                0x00006644                fmod
 .text.avr-libc.fplib
                0x000066d2       0x48 c:/program files (x86)/atmel/atmel toolchain/avr8 gcc/native/3.4.1061/avr8-gnu-toolchain/bin/../lib/gcc/avr/4.8.1/../../../../avr/lib/avrxmega6\libm.a(fp_cmp.o)
                0x000066d2                __fp_cmp
 .text.avr-libc.fplib
                0x0000671a        0xc c:/program files (x86)/atmel/atmel toolchain/avr8 gcc/native/3.4.1061/avr8-gnu-toolchain/bin/../lib/gcc/avr/4.8.1/../../../../avr/lib/avrxmega6\libm.a(fp_inf.o)
                0x0000671a                __fp_inf
 .text.avr-libc.fplib
                0x00006726       0x1c c:/program files (x86)/atmel/atmel toolchain/avr8 gcc/native/3.4.1061/avr8-gnu-toolchain/bin/../lib/gcc/avr/4.8.1/../../../../avr/lib/avrxmega6\libm.a(fp_mpack.o)
                0x00006726                __fp_mpack
                0x0000672a                __fp_mpack_finite
 .text.avr-libc.fplib
                0x00006742        0x6 c:/program files (x86)/atmel/atmel toolchain/avr8 gcc/native/3.4.1061/avr8-gnu-toolchain/bin/../lib/gcc/avr/4.8.1/../../../../avr/lib/avrxmega6\libm.a(fp_nan.o)
                0x00006742                __fp_nan
 .text.avr-libc.fplib
                0x00006748       0x4a c:/program files (x86)/atmel/atmel toolchain/avr8 gcc/native/3.4.1061/avr8-gnu-toolchain/bin/../lib/gcc/avr/4.8.1/../../../../avr/lib/avrxmega6\libm.a(fp_powser.o)
                0x00006748                __fp_powser
 .text.avr-libc.fplib
                0x00006792        0xe c:/program files (x86)/atmel/atmel toolchain/avr8 gcc/native/3.4.1061/avr8-gnu-toolchain/bin/../lib/gcc/avr/4.8.1/../../../../avr/lib/avrxmega6\libm.a(fp_pscA.o)
                0x00006792                __fp_pscA
 .text.avr-libc.fplib
                0x000067a0        0xe c:/program files (x86)/atmel/atmel toolchain/avr8 gcc/native/3.4.1061/avr8-gnu-toolchain/bin/../lib/gcc/avr/4.8.1/../../../../avr/lib/avrxmega6\libm.a(fp_pscB.o)
                0x000067a0                __fp_pscB
 .text.avr-libc.fplib
                0x000067ae       0x50 c:/program files (x86)/atmel/atmel toolchain/avr8 gcc/native/3.4.1061/avr8-gnu-toolchain/bin/../lib/gcc/avr/4.8.1/../../../../avr/lib/avrxmega6\libm.a(fp_rempio2.o)
                0x000067b0                __fp_rempio2
 .text.avr-libc.fplib
                0x000067fe       0x22 c:/program files (x86)/atmel/atmel toolchain/avr8 gcc/native/3.4.1061/avr8-gnu-toolchain/bin/../lib/gcc/avr/4.8.1/../../../../avr/lib/avrxmega6\libm.a(fp_round.o)
                0x000067fe                __fp_round
 .text.avr-libc.fplib
                0x00006820       0x22 c:/program files (x86)/atmel/atmel toolchain/avr8 gcc/native/3.4.1061/avr8-gnu-toolchain/bin/../lib/gcc/avr/4.8.1/../../../../avr/lib/avrxmega6\libm.a(fp_sinus.o)
                0x00006820                __fp_sinus
 .text.avr-libc.fplib
                0x00006842       0x44 c:/program files (x86)/atmel/atmel toolchain/avr8 gcc/native/3.4.1061/avr8-gnu-toolchain/bin/../lib/gcc/avr/4.8.1/../../../../avr/lib/avrxmega6\libm.a(fp_split3.o)
                0x00006842                __fp_split3
                0x00006852                __fp_splitA
 .text.avr-libc.fplib
                0x00006886        0xe c:/program files (x86)/atmel/atmel toolchain/avr8 gcc/native/3.4.1061/avr8-gnu-toolchain/bin/../lib/gcc/avr/4.8.1/../../../../avr/lib/avrxmega6\libm.a(fp_zero.o)
                0x00006886                __fp_zero
                0x00006888                __fp_szero
 .text.avr-libc.fplib
                0x00006894        0x8 c:/program files (x86)/atmel/atmel toolchain/avr8 gcc/native/3.4.1061/avr8-gnu-toolchain/bin/../lib/gcc/avr/4.8.1/../../../../avr/lib/avrxmega6\libm.a(gesf2.o)
                0x00006894                __gesf2
                0x00006894                __gtsf2
 .text.avr-libc.fplib
                0x0000689c        0xe c:/program files (x86)/atmel/atmel toolchain/avr8 gcc/native/3.4.1061/avr8-gnu-toolchain/bin/../lib/gcc/avr/4.8.1/../../../../avr/lib/avrxmega6\libm.a(inverse.o)
                0x0000689c                inverse
 .text.avr-libc.fplib
                0x000068aa        0x4 c:/program files (x86)/atmel/atmel toolchain/avr8 gcc/native/3.4.1061/avr8-gnu-toolchain/bin/../lib/gcc/avr/4.8.1/../../../../avr/lib/avrxmega6\libm.a(mulsf3.o)
                0x000068aa                __mulsf3
 .text.avr-libc.fplib
                0x000068ae       0xc2 c:/program files (x86)/atmel/atmel toolchain/avr8 gcc/native/3.4.1061/avr8-gnu-toolchain/bin/../lib/gcc/avr/4.8.1/../../../../avr/lib/avrxmega6\libm.a(mulsf3x.o)
                0x000068c2                __mulsf3x
                0x000068c6                __mulsf3_pse
 .text.avr-libc.fplib
                0x00006970        0xc c:/program files (x86)/atmel/atmel toolchain/avr8 gcc/native/3.4.1061/avr8-gnu-toolchain/bin/../lib/gcc/avr/4.8.1/../../../../avr/lib/avrxmega6\libm.a(sin.o)
                0x00006970                sin
 .text.avr-libc.fplib
                0x0000697c       0x84 c:/program files (x86)/atmel/atmel toolchain/avr8 gcc/native/3.4.1061/avr8-gnu-toolchain/bin/../lib/gcc/avr/4.8.1/../../../../avr/lib/avrxmega6\libm.a(sqrt.o)
                0x00006984                sqrt
 .text.avr-libc.fplib
                0x00006a00        0x6 c:/program files (x86)/atmel/atmel toolchain/avr8 gcc/native/3.4.1061/avr8-gnu-toolchain/bin/../lib/gcc/avr/4.8.1/../../../../avr/lib/avrxmega6\libm.a(square.o)
                0x00006a00                square
 .text.avr-libc.fplib
                0x00006a06        0xe c:/program files (x86)/atmel/atmel toolchain/avr8 gcc/native/3.4.1061/avr8-gnu-toolchain/bin/../lib/gcc/avr/4.8.1/../../../../avr/lib/avrxmega6\libm.a(fp_norm2.o)
                0x00006a06                __fp_norm2
 .text.avr-libc.fplib
                0x00006a14       0x22 c:/program files (x86)/atmel/atmel toolchain/avr8 gcc/native/3.4.1061/avr8-gnu-toolchain/bin/../lib/gcc/avr/4.8.1/../../../../avr/lib/avrxmega6\libm.a(fp_powsodd.o)
                0x00006a14                __fp_powsodd
 .text.avr-libc
                0x00006a36      0x702 c:/program files (x86)/atmel/atmel toolchain/avr8 gcc/native/3.4.1061/avr8-gnu-toolchain/bin/../lib/gcc/avr/4.8.1/../../../../avr/lib/avrxmega6\libprintf_flt.a(vfprintf_flt.o)
                0x00006a36                vfprintf
 .text.libgcc.div
                0x00007138       0x28 c:/program files (x86)/atmel/atmel toolchain/avr8 gcc/native/3.4.1061/avr8-gnu-toolchain/bin/../lib/gcc/avr/4.8.1/avrxmega6\libgcc.a(_udivmodhi4.o)
                0x00007138                __udivmodhi4
 .text.libgcc.div
                0x00007160       0x26 c:/program files (x86)/atmel/atmel toolchain/avr8 gcc/native/3.4.1061/avr8-gnu-toolchain/bin/../lib/gcc/avr/4.8.1/avrxmega6\libgcc.a(_divmodhi4.o)
                0x00007160                _div
                0x00007160                __divmodhi4
 .text.libgcc   0x00007186        0xc c:/program files (x86)/atmel/atmel toolchain/avr8 gcc/native/3.4.1061/avr8-gnu-toolchain/bin/../lib/gcc/avr/4.8.1/avrxmega6\libgcc.a(_tablejump.o)
                0x00007186                __tablejump2__
                0x0000718a                __tablejump__
 .text.libgcc.mul
                0x00007192       0x1e c:/program files (x86)/atmel/atmel toolchain/avr8 gcc/native/3.4.1061/avr8-gnu-toolchain/bin/../lib/gcc/avr/4.8.1/avrxmega6\libgcc.a(_umulhisi3.o)
                0x00007192                __umulhisi3
 .text.avr-libc
                0x000071b0      0x222 c:/program files (x86)/atmel/atmel toolchain/avr8 gcc/native/3.4.1061/avr8-gnu-toolchain/bin/../lib/gcc/avr/4.8.1/../../../../avr/lib/avrxmega6\libc.a(strtoul.o)
                0x000071b0                strtoul
 .text.avr-libc
                0x000073d2       0x3a c:/program files (x86)/atmel/atmel toolchain/avr8 gcc/native/3.4.1061/avr8-gnu-toolchain/bin/../lib/gcc/avr/4.8.1/../../../../avr/lib/avrxmega6\libc.a(atoi.o)
                0x000073d2                atoi
 .text.avr-libc
                0x0000740c      0x1b0 c:/program files (x86)/atmel/atmel toolchain/avr8 gcc/native/3.4.1061/avr8-gnu-toolchain/bin/../lib/gcc/avr/4.8.1/../../../../avr/lib/avrxmega6\libc.a(ftoa_engine.o)
                0x0000740c                __ftoa_engine
 .text.avr-libc
                0x000075bc       0x10 c:/program files (x86)/atmel/atmel toolchain/avr8 gcc/native/3.4.1061/avr8-gnu-toolchain/bin/../lib/gcc/avr/4.8.1/../../../../avr/lib/avrxmega6\libc.a(isspace.o)
                0x000075bc                isspace
 .text.avr-libc
                0x000075cc       0x16 c:/program files (x86)/atmel/atmel toolchain/avr8 gcc/native/3.4.1061/avr8-gnu-toolchain/bin/../lib/gcc/avr/4.8.1/../../../../avr/lib/avrxmega6\libc.a(strnlen_P.o)
                0x000075cc                strnlen_P
 .text.avr-libc
                0x000075e2        0x6 c:/program files (x86)/atmel/atmel toolchain/avr8 gcc/native/3.4.1061/avr8-gnu-toolchain/bin/../lib/gcc/avr/4.8.1/../../../../avr/lib/avrxmega6\libc.a(strtok.o)
                0x000075e2                strtok
 .text.avr-libc
                0x000075e8       0x12 c:/program files (x86)/atmel/atmel toolchain/avr8 gcc/native/3.4.1061/avr8-gnu-toolchain/bin/../lib/gcc/avr/4.8.1/../../../../avr/lib/avrxmega6\libc.a(memcpy.o)
                0x000075e8                memcpy
 .text.avr-libc
                0x000075fa       0x12 c:/program files (x86)/atmel/atmel toolchain/avr8 gcc/native/3.4.1061/avr8-gnu-toolchain/bin/../lib/gcc/avr/4.8.1/../../../../avr/lib/avrxmega6\libc.a(strcmp.o)
                0x000075fa                strcmp
 .text.avr-libc
                0x0000760c        0xe c:/program files (x86)/atmel/atmel toolchain/avr8 gcc/native/3.4.1061/avr8-gnu-toolchain/bin/../lib/gcc/avr/4.8.1/../../../../avr/lib/avrxmega6\libc.a(strcpy.o)
                0x0000760c                strcpy
 .text.avr-libc
                0x0000761a       0x1e c:/program files (x86)/atmel/atmel toolchain/avr8 gcc/native/3.4.1061/avr8-gnu-toolchain/bin/../lib/gcc/avr/4.8.1/../../../../avr/lib/avrxmega6\libc.a(strcspn.o)
                0x0000761a                strcspn
 .text.avr-libc
                0x00007638       0x1e c:/program files (x86)/atmel/atmel toolchain/avr8 gcc/native/3.4.1061/avr8-gnu-toolchain/bin/../lib/gcc/avr/4.8.1/../../../../avr/lib/avrxmega6\libc.a(strncpy.o)
                0x00007638                strncpy
 .text.avr-libc
                0x00007656       0x16 c:/program files (x86)/atmel/atmel toolchain/avr8 gcc/native/3.4.1061/avr8-gnu-toolchain/bin/../lib/gcc/avr/4.8.1/../../../../avr/lib/avrxmega6\libc.a(strnlen.o)
                0x00007656                strnlen
 .text.avr-libc
                0x0000766c       0x4e c:/program files (x86)/atmel/atmel toolchain/avr8 gcc/native/3.4.1061/avr8-gnu-toolchain/bin/../lib/gcc/avr/4.8.1/../../../../avr/lib/avrxmega6\libc.a(strtok_r.o)
                0x0000766c                strtok_r
 .text.avr-libc
                0x000076ba       0x10 c:/program files (x86)/atmel/atmel toolchain/avr8 gcc/native/3.4.1061/avr8-gnu-toolchain/bin/../lib/gcc/avr/4.8.1/../../../../avr/lib/avrxmega6\libc.a(mul10.o)
                0x000076ba                __mulhi_const_10
 .text.avr-libc
                0x000076ca       0x64 c:/program files (x86)/atmel/atmel toolchain/avr8 gcc/native/3.4.1061/avr8-gnu-toolchain/bin/../lib/gcc/avr/4.8.1/../../../../avr/lib/avrxmega6\libc.a(fputc.o)
                0x000076ca                fputc
 .text.avr-libc
                0x0000772e       0x22 c:/program files (x86)/atmel/atmel toolchain/avr8 gcc/native/3.4.1061/avr8-gnu-toolchain/bin/../lib/gcc/avr/4.8.1/../../../../avr/lib/avrxmega6\libc.a(printf.o)
                0x0000772e                printf
 .text.avr-libc
                0x00007750       0x5a c:/program files (x86)/atmel/atmel toolchain/avr8 gcc/native/3.4.1061/avr8-gnu-toolchain/bin/../lib/gcc/avr/4.8.1/../../../../avr/lib/avrxmega6\libc.a(puts.o)
                0x00007750                puts
 .text.avr-libc
                0x000077aa       0xbc c:/program files (x86)/atmel/atmel toolchain/avr8 gcc/native/3.4.1061/avr8-gnu-toolchain/bin/../lib/gcc/avr/4.8.1/../../../../avr/lib/avrxmega6\libc.a(ultoa_invert.o)
                0x000077aa                __ultoa_invert
 .text.avr-libc
                0x00007866        0x6 c:/program files (x86)/atmel/atmel toolchain/avr8 gcc/native/3.4.1061/avr8-gnu-toolchain/bin/../lib/gcc/avr/4.8.1/../../../../avr/lib/avrxmega6\libc.a(cty_isfalse.o)
                0x00007866                __ctype_isfalse
                0x0000786a                __ctype_istrue
 .text.libgcc.mul
                0x0000786c       0x1e c:/program files (x86)/atmel/atmel toolchain/avr8 gcc/native/3.4.1061/avr8-gnu-toolchain/bin/../lib/gcc/avr/4.8.1/avrxmega6\libgcc.a(_mulsi3.o)
                0x0000786c                __mulsi3
 .text.libgcc.div
                0x0000788a       0x44 c:/program files (x86)/atmel/atmel toolchain/avr8 gcc/native/3.4.1061/avr8-gnu-toolchain/bin/../lib/gcc/avr/4.8.1/avrxmega6\libgcc.a(_udivmodsi4.o)
                0x0000788a                __udivmodsi4
 .text.libgcc.mul
                0x000078ce       0x14 c:/program files (x86)/atmel/atmel toolchain/avr8 gcc/native/3.4.1061/avr8-gnu-toolchain/bin/../lib/gcc/avr/4.8.1/avrxmega6\libgcc.a(_muluhisi3.o)
                0x000078ce                __muluhisi3
                0x000078e2                . = ALIGN (0x2)
 *(.fini9)
 .fini9         0x000078e2        0x0 c:/program files (x86)/atmel/atmel toolchain/avr8 gcc/native/3.4.1061/avr8-gnu-toolchain/bin/../lib/gcc/avr/4.8.1/avrxmega6\libgcc.a(_exit.o)
                0x000078e2                _exit
                0x000078e2                exit
 *(.fini9)
 *(.fini8)
 *(.fini8)
 *(.fini7)
 *(.fini7)
 *(.fini6)
 *(.fini6)
 *(.fini5)
 *(.fini5)
 *(.fini4)
 *(.fini4)
 *(.fini3)
 *(.fini3)
 *(.fini2)
 *(.fini2)
 *(.fini1)
 *(.fini1)
 *(.fini0)
 .fini0         0x000078e2        0x4 c:/program files (x86)/atmel/atmel toolchain/avr8 gcc/native/3.4.1061/avr8-gnu-toolchain/bin/../lib/gcc/avr/4.8.1/avrxmega6\libgcc.a(_exit.o)
 *(.fini0)
                0x000078e6                _etext = .

.data           0x00802000      0x862 load address 0x000078e6
                0x00802000                PROVIDE (__data_start, .)
 *(.data)
 *(.data*)
 .data.ir_carrier_bm
                0x00802000        0x6 src/ir_comm.o
                0x00802000                ir_carrier_bm
 .data.channel  0x00802006        0xc src/ir_sensor.o
                0x00802006                channel
 .data.mystdout
                0x00802012        0xe src/pc_comm.o
 .data.basis_angle
                0x00802020       0x18 src/range_algs.o
                0x00802020                basis_angle
 .data.basis    0x00802038       0x30 src/range_algs.o
                0x00802038                basis
 .data.Be       0x00802068        0xd main.o
                0x00802068                Be
 .data.Li       0x00802075        0xd main.o
                0x00802075                Li
 .data.He       0x00802082        0xd main.o
                0x00802082                He
 .data.H        0x0080208f        0xd main.o
                0x0080208f                H
 *(.rodata)
 .rodata        0x0080209c       0x40 src/droplet_init.o
 *(.rodata*)
 .rodata.str1.1
                0x008020dc       0x68 src/droplet_init.o
 .rodata.mux_sensor_selectors
                0x00802144        0x6 src/ir_sensor.o
                0x00802144                mux_sensor_selectors
 .rodata.str1.1
                0x0080214a       0xbd src/motor.o
                                 0xc3 (size before relaxing)
 .rodata.str1.1
                0x00802207       0x47 src/pc_comm.o
                                 0x49 (size before relaxing)
 .rodata.str1.1
                0x0080224e       0x80 src/range_algs.o
                                 0x8a (size before relaxing)
 .rodata.str1.1
                0x008022ce       0x3e src/rgb_sensor.o
                                 0x40 (size before relaxing)
 .rodata.str1.1
                0x0080230c       0x59 src/scheduler.o
 .rodata.str1.1
                0x00802365      0x3be src/serial_handler.o
                                0x3d1 (size before relaxing)
 .rodata.str1.1
                0x00802723      0x13f main.o
                                0x141 (size before relaxing)
 *(.gnu.linkonce.d*)
                0x00802862                . = ALIGN (0x2)
                0x00802862                _edata = .
                0x00802862                PROVIDE (__data_end, .)

.bss            0x00802862      0x4b5
                0x00802862                PROVIDE (__bss_start, .)
 *(.bss)
 .bss           0x00802862        0x2 c:/program files (x86)/atmel/atmel toolchain/avr8 gcc/native/3.4.1061/avr8-gnu-toolchain/bin/../lib/gcc/avr/4.8.1/../../../../avr/lib/avrxmega6\libc.a(strtok.o)
 *(.bss*)
 .bss.droplet_ID
                0x00802864        0x2 src/droplet_init.o
                0x00802864                droplet_ID
 .bss.NULL_NEAR_ATOM
                0x00802866       0x12 main.o
                0x00802866                NULL_NEAR_ATOM
 *(COMMON)
 COMMON         0x00802878      0x275 src/droplet_init.o
                0x00802878                current_motor_task
                0x0080287a                thePower
                0x0080287c                user_facing_messages_ovf
                0x0080287d                rtc_epoch
                0x0080287f                escaped
                0x00802880                serial_in_buffer
                0x008028c0                serial_in_index
                0x008028c2                motor_status
                0x008028c3                msg_node
                0x00802953                b_baseline
                0x00802955                cmd_sender_id
                0x00802957                num_waiting_msgs
                0x00802958                num_tasks
                0x00802959                motor_on_time
                0x0080295b                g_baseline
                0x0080295d                num_executing_tasks
                0x0080295e                last_good_rnb
                0x0080296e                ir_sense_baseline
                0x0080297a                rnb_updated
                0x0080297b                motor_off_time
                0x0080297d                count
                0x0080297e                calib_matrix
                0x008029a2                serial_data_out_buffer
                0x008029e4                r_baseline
                0x008029e6                mm_per_kilostep
                0x008029f6                ir_rxtx
                0x00802ab6                escaped_arrow
                0x00802ab7                motor_adjusts
                0x00802ae7                cmd_arrival_time
                0x00802aeb                task_list
 COMMON         0x00802aed       0x43 src/ir_comm.o
                0x00802aed                cmd_length
                0x00802aef                next_byte
                0x00802af0                cmd_buffer
 COMMON         0x00802b30        0x2 src/random.o
                0x00802b30                r_round
                0x00802b31                r_position
 COMMON         0x00802b32       0x90 src/range_algs.o
                0x00802b32                bright_meas
 COMMON         0x00802bc2       0x65 src/scheduler.o
                0x00802bc2                curr_pointer
                0x00802bc3                task_storage_arr
 COMMON         0x00802c27       0xe8 main.o
                0x00802c27                near_atoms
                0x00802cff                global_Atom_str
                0x00802d01                myID
                0x00802d0e                MY_CHEM_ID
 COMMON         0x00802d0f        0x6 c:/program files (x86)/atmel/atmel toolchain/avr8 gcc/native/3.4.1061/avr8-gnu-toolchain/bin/../lib/gcc/avr/4.8.1/../../../../avr/lib/avrxmega6\libc.a(iob.o)
                0x00802d0f                __iob
 COMMON         0x00802d15        0x2 c:/program files (x86)/atmel/atmel toolchain/avr8 gcc/native/3.4.1061/avr8-gnu-toolchain/bin/../lib/gcc/avr/4.8.1/../../../../avr/lib/avrxmega6\libc.a(errno.o)
                0x00802d15                errno
                0x00802d17                PROVIDE (__bss_end, .)
                0x000078e6                __data_load_start = LOADADDR (.data)
                0x00008148                __data_load_end = (__data_load_start + SIZEOF (.data))

.noinit         0x00802d17        0x0
                0x00802d17                PROVIDE (__noinit_start, .)
 *(.noinit*)
                0x00802d17                PROVIDE (__noinit_end, .)
                0x00802d17                _end = .
                0x00802d17                PROVIDE (__heap_start, .)

.eeprom         0x00810000        0x0
 *(.eeprom*)
                0x00810000                __eeprom_end = .

.fuse
 *(.fuse)
 *(.lfuse)
 *(.hfuse)
 *(.efuse)

.lock
 *(.lock*)

.signature
 *(.signature*)

.user_signatures
 *(.user_signatures*)

.stab
 *(.stab)

.stabstr
 *(.stabstr)

.stab.excl
 *(.stab.excl)

.stab.exclstr
 *(.stab.exclstr)

.stab.index
 *(.stab.index)

.stab.indexstr
 *(.stab.indexstr)

.comment        0x00000000       0x5c
 *(.comment)
 .comment       0x00000000       0x30 src/droplet_init.o
                                 0x31 (size before relaxing)
 .comment       0x00000000       0x31 src/eeprom_driver.o
 .comment       0x00000000       0x31 src/i2c.o
 .comment       0x00000000       0x31 src/ir_comm.o
 .comment       0x00000000       0x31 src/ir_sensor.o
 .comment       0x00000000       0x31 src/motor.o
 .comment       0x00000000       0x31 src/pc_comm.o
 .comment       0x00000000       0x31 src/power.o
 .comment       0x00000000       0x31 src/random.o
 .comment       0x00000000       0x31 src/range_algs.o
 .comment       0x00000000       0x31 src/rgb_led.o
 .comment       0x00000000       0x31 src/rgb_sensor.o
 .comment       0x00000000       0x31 src/scheduler.o
 .comment       0x00000000       0x31 src/serial_handler.o
 .comment       0x00000000       0x31 main.o
 .comment       0x00000030       0x2c c:/program files (x86)/atmel/atmel toolchain/avr8 gcc/native/3.4.1061/avr8-gnu-toolchain/bin/../lib/gcc/avr/4.8.1/../../../../avr/lib/avrxmega6\libprintf_flt.a(vfprintf_flt.o)
                                 0x2d (size before relaxing)
 .comment       0x00000000       0x31 c:/program files (x86)/atmel/atmel toolchain/avr8 gcc/native/3.4.1061/avr8-gnu-toolchain/bin/../lib/gcc/avr/4.8.1/../../../../avr/lib/avrxmega6\libc.a(strtoul.o)
 .comment       0x00000000       0x31 c:/program files (x86)/atmel/atmel toolchain/avr8 gcc/native/3.4.1061/avr8-gnu-toolchain/bin/../lib/gcc/avr/4.8.1/../../../../avr/lib/avrxmega6\libc.a(strtok.o)
 .comment       0x00000000       0x31 c:/program files (x86)/atmel/atmel toolchain/avr8 gcc/native/3.4.1061/avr8-gnu-toolchain/bin/../lib/gcc/avr/4.8.1/../../../../avr/lib/avrxmega6\libc.a(fputc.o)
 .comment       0x00000000       0x31 c:/program files (x86)/atmel/atmel toolchain/avr8 gcc/native/3.4.1061/avr8-gnu-toolchain/bin/../lib/gcc/avr/4.8.1/../../../../avr/lib/avrxmega6\libc.a(iob.o)
 .comment       0x00000000       0x31 c:/program files (x86)/atmel/atmel toolchain/avr8 gcc/native/3.4.1061/avr8-gnu-toolchain/bin/../lib/gcc/avr/4.8.1/../../../../avr/lib/avrxmega6\libc.a(printf.o)
 .comment       0x00000000       0x31 c:/program files (x86)/atmel/atmel toolchain/avr8 gcc/native/3.4.1061/avr8-gnu-toolchain/bin/../lib/gcc/avr/4.8.1/../../../../avr/lib/avrxmega6\libc.a(puts.o)
 .comment       0x00000000       0x2d c:/program files (x86)/atmel/atmel toolchain/avr8 gcc/native/3.4.1061/avr8-gnu-toolchain/bin/../lib/gcc/avr/4.8.1/../../../../avr/lib/avrxmega6\libc.a(errno.o)

.note.gnu.build-id
 *(.note.gnu.build-id)

.debug
 *(.debug)

.line
 *(.line)

.debug_srcinfo
 *(.debug_srcinfo)

.debug_sfnames
 *(.debug_sfnames)

.debug_aranges  0x00000000      0x6c8
 *(.debug_aranges)
 .debug_aranges
                0x00000000       0x58 src/droplet_init.o
 .debug_aranges
                0x00000058       0x58 src/eeprom_driver.o
 .debug_aranges
                0x000000b0       0x30 src/i2c.o
 .debug_aranges
                0x000000e0      0x118 src/ir_comm.o
 .debug_aranges
                0x000001f8       0x38 src/ir_sensor.o
 .debug_aranges
                0x00000230       0x78 src/motor.o
 .debug_aranges
                0x000002a8       0x50 src/pc_comm.o
 .debug_aranges
                0x000002f8       0x48 src/power.o
 .debug_aranges
                0x00000340       0x38 src/random.o
 .debug_aranges
                0x00000378       0xe0 src/range_algs.o
 .debug_aranges
                0x00000458       0x40 src/rgb_led.o
 .debug_aranges
                0x00000498       0x50 src/rgb_sensor.o
 .debug_aranges
                0x000004e8       0x58 src/scheduler.o
 .debug_aranges
                0x00000540       0x20 src/scheduler_asm.o
 .debug_aranges
                0x00000560       0xd8 src/serial_handler.o
 .debug_aranges
                0x00000638       0x90 main.o

.debug_pubnames
 *(.debug_pubnames)

.debug_info     0x00000000    0x10253
 *(.debug_info .gnu.linkonce.wi.*)
 .debug_info    0x00000000      0xf29 src/droplet_init.o
 .debug_info    0x00000f29      0x5cb src/eeprom_driver.o
 .debug_info    0x000014f4      0x4c8 src/i2c.o
 .debug_info    0x000019bc     0x1f7b src/ir_comm.o
 .debug_info    0x00003937     0x1694 src/ir_sensor.o
 .debug_info    0x00004fcb     0x18f4 src/motor.o
 .debug_info    0x000068bf      0xac2 src/pc_comm.o
 .debug_info    0x00007381      0x474 src/power.o
 .debug_info    0x000077f5      0x609 src/random.o
 .debug_info    0x00007dfe     0x23ea src/range_algs.o
 .debug_info    0x0000a1e8      0xaff src/rgb_led.o
 .debug_info    0x0000ace7     0x1541 src/rgb_sensor.o
 .debug_info    0x0000c228      0xb1d src/scheduler.o
 .debug_info    0x0000cd45       0xbd src/scheduler_asm.o
 .debug_info    0x0000ce02     0x23d6 src/serial_handler.o
 .debug_info    0x0000f1d8     0x107b main.o

.debug_abbrev   0x00000000     0x2c8b
 *(.debug_abbrev)
 .debug_abbrev  0x00000000      0x34a src/droplet_init.o
 .debug_abbrev  0x0000034a      0x1e1 src/eeprom_driver.o
 .debug_abbrev  0x0000052b      0x1c7 src/i2c.o
 .debug_abbrev  0x000006f2      0x435 src/ir_comm.o
 .debug_abbrev  0x00000b27      0x364 src/ir_sensor.o
 .debug_abbrev  0x00000e8b      0x39b src/motor.o
 .debug_abbrev  0x00001226      0x287 src/pc_comm.o
 .debug_abbrev  0x000014ad      0x159 src/power.o
 .debug_abbrev  0x00001606      0x13e src/random.o
 .debug_abbrev  0x00001744      0x496 src/range_algs.o
 .debug_abbrev  0x00001bda      0x203 src/rgb_led.o
 .debug_abbrev  0x00001ddd      0x359 src/rgb_sensor.o
 .debug_abbrev  0x00002136      0x367 src/scheduler.o
 .debug_abbrev  0x0000249d       0x14 src/scheduler_asm.o
 .debug_abbrev  0x000024b1      0x41b src/serial_handler.o
 .debug_abbrev  0x000028cc      0x3bf main.o

.debug_line     0x00000000     0x5f34
 *(.debug_line .debug_line.* .debug_line_end)
 .debug_line    0x00000000      0x72f src/droplet_init.o
 .debug_line    0x0000072f      0x3ad src/eeprom_driver.o
 .debug_line    0x00000adc      0x2c2 src/i2c.o
 .debug_line    0x00000d9e      0xdf8 src/ir_comm.o
 .debug_line    0x00001b96      0x547 src/ir_sensor.o
 .debug_line    0x000020dd      0x648 src/motor.o
 .debug_line    0x00002725      0x40f src/pc_comm.o
 .debug_line    0x00002b34      0x2da src/power.o
 .debug_line    0x00002e0e      0x27f src/random.o
 .debug_line    0x0000308d      0xbd6 src/range_algs.o
 .debug_line    0x00003c63      0x377 src/rgb_led.o
 .debug_line    0x00003fda      0x5db src/rgb_sensor.o
 .debug_line    0x000045b5      0x706 src/scheduler.o
 .debug_line    0x00004cbb      0x282 src/scheduler_asm.o
 .debug_line    0x00004f3d      0xa78 src/serial_handler.o
 .debug_line    0x000059b5      0x57f main.o

.debug_frame    0x00000000     0x21b8
 *(.debug_frame)
 .debug_frame   0x00000000       0xd8 src/droplet_init.o
 .debug_frame   0x000000d8      0x140 src/eeprom_driver.o
 .debug_frame   0x00000218       0x7c src/i2c.o
 .debug_frame   0x00000294      0x8c0 src/ir_comm.o
 .debug_frame   0x00000b54       0xf4 src/ir_sensor.o
 .debug_frame   0x00000c48      0x238 src/motor.o
 .debug_frame   0x00000e80       0xf8 src/pc_comm.o
 .debug_frame   0x00000f78       0x74 src/power.o
 .debug_frame   0x00000fec       0x70 src/random.o
 .debug_frame   0x0000105c      0x60c src/range_algs.o
 .debug_frame   0x00001668       0xe8 src/rgb_led.o
 .debug_frame   0x00001750      0x1ec src/rgb_sensor.o
 .debug_frame   0x0000193c      0x1b8 src/scheduler.o
 .debug_frame   0x00001af4      0x3a4 src/serial_handler.o
 .debug_frame   0x00001e98      0x320 main.o

.debug_str      0x00000000     0x33ca
 *(.debug_str)
 .debug_str     0x00000000      0xa79 src/droplet_init.o
                                0xb46 (size before relaxing)
 .debug_str     0x00000a79      0x12c src/eeprom_driver.o
                                0x6c9 (size before relaxing)
 .debug_str     0x00000ba5      0x2b5 src/i2c.o
                                0x4f9 (size before relaxing)
 .debug_str     0x00000e5a      0x83d src/ir_comm.o
                                0xe74 (size before relaxing)
 .debug_str     0x00001697      0x725 src/ir_sensor.o
                                0xf36 (size before relaxing)
 .debug_str     0x00001dbc      0x3c3 src/motor.o
                                0xbf2 (size before relaxing)
 .debug_str     0x0000217f       0xe3 src/pc_comm.o
                                0x7ad (size before relaxing)
 .debug_str     0x00002262      0x243 src/power.o
                                0x4b5 (size before relaxing)
 .debug_str     0x000024a5       0x81 src/random.o
                                0x3e2 (size before relaxing)
 .debug_str     0x00002526      0x3d4 src/range_algs.o
                                0xcac (size before relaxing)
 .debug_str     0x000028fa       0x89 src/rgb_led.o
                                0x7ac (size before relaxing)
 .debug_str     0x00002983      0x1cf src/rgb_sensor.o
                                0xe2b (size before relaxing)
 .debug_str     0x00002b52      0x3a0 src/scheduler.o
                                0x6ef (size before relaxing)
 .debug_str     0x00002ef2      0x304 src/serial_handler.o
                                0xbe2 (size before relaxing)
 .debug_str     0x000031f6      0x1d4 main.o
                                0x6f0 (size before relaxing)

.debug_loc      0x00000000     0xacfc
 *(.debug_loc)
 .debug_loc     0x00000000      0xdd4 src/droplet_init.o
 .debug_loc     0x00000dd4      0x524 src/eeprom_driver.o
 .debug_loc     0x000012f8       0xd9 src/i2c.o
 .debug_loc     0x000013d1     0x24e0 src/ir_comm.o
 .debug_loc     0x000038b1      0x6a8 src/ir_sensor.o
 .debug_loc     0x00003f59      0x95b src/motor.o
 .debug_loc     0x000048b4      0x24b src/pc_comm.o
 .debug_loc     0x00004aff       0x66 src/power.o
 .debug_loc     0x00004b65       0xff src/random.o
 .debug_loc     0x00004c64     0x2322 src/range_algs.o
 .debug_loc     0x00006f86      0xf4c src/rgb_led.o
 .debug_loc     0x00007ed2      0x796 src/rgb_sensor.o
 .debug_loc     0x00008668      0xa9f src/scheduler.o
 .debug_loc     0x00009107     0x1173 src/serial_handler.o
 .debug_loc     0x0000a27a      0xa82 main.o

.debug_macinfo
 *(.debug_macinfo)

.debug_weaknames
 *(.debug_weaknames)

.debug_funcnames
 *(.debug_funcnames)

.debug_typenames
 *(.debug_typenames)

.debug_varnames
 *(.debug_varnames)

.debug_pubtypes
 *(.debug_pubtypes)

.debug_ranges   0x00000000      0x920
 *(.debug_ranges)
 .debug_ranges  0x00000000       0x60 src/droplet_init.o
 .debug_ranges  0x00000060       0x78 src/eeprom_driver.o
 .debug_ranges  0x000000d8       0x20 src/i2c.o
 .debug_ranges  0x000000f8      0x170 src/ir_comm.o
 .debug_ranges  0x00000268       0x70 src/ir_sensor.o
 .debug_ranges  0x000002d8      0x110 src/motor.o
 .debug_ranges  0x000003e8       0x40 src/pc_comm.o
 .debug_ranges  0x00000428       0x38 src/power.o
 .debug_ranges  0x00000460       0x28 src/random.o
 .debug_ranges  0x00000488      0x188 src/range_algs.o
 .debug_ranges  0x00000610       0x30 src/rgb_led.o
 .debug_ranges  0x00000640       0x58 src/rgb_sensor.o
 .debug_ranges  0x00000698       0xa8 src/scheduler.o
 .debug_ranges  0x00000740      0x130 src/serial_handler.o
 .debug_ranges  0x00000870       0xb0 main.o

.debug_macro
 *(.debug_macro)
OUTPUT(Chem_sim_droplets.elf elf32-avr)
LOAD linker stubs

.BOOT           0x00020000        0x0
